Archive member included to satisfy reference by file (symbol)

C:/Users/denni/.pico-sdk/toolchain/13_3_Rel1/bin/../lib/gcc/arm-none-eabi/13.3.1/thumb/v8-m.main+fp/softfp\libm.a(libm_a-wf_sqrt.o)
                              CMakeFiles/Aetherion-v1.0.dir/C_/Users/denni/.pico-sdk/sdk/2.1.0/src/rp2_common/pico_float/float_math.c.obj (sqrtf)
C:/Users/denni/.pico-sdk/toolchain/13_3_Rel1/bin/../lib/gcc/arm-none-eabi/13.3.1/thumb/v8-m.main+fp/softfp\libm.a(libm_a-ef_sqrt.o)
                              C:/Users/denni/.pico-sdk/toolchain/13_3_Rel1/bin/../lib/gcc/arm-none-eabi/13.3.1/thumb/v8-m.main+fp/softfp\libm.a(libm_a-wf_sqrt.o) (__ieee754_sqrtf)
C:/Users/denni/.pico-sdk/toolchain/13_3_Rel1/bin/../lib/gcc/arm-none-eabi/13.3.1/thumb/v8-m.main+fp/softfp\libgcc.a(_arm_addsubdf3.o)
                              CMakeFiles/Aetherion-v1.0.dir/C_/Users/denni/.pico-sdk/sdk/2.1.0/src/rp2_common/pico_float/float_math.c.obj (__aeabi_f2d)
C:/Users/denni/.pico-sdk/toolchain/13_3_Rel1/bin/../lib/gcc/arm-none-eabi/13.3.1/thumb/v8-m.main+fp/softfp\libgcc.a(_aeabi_ldivmod.o)
                              CMakeFiles/Aetherion-v1.0.dir/C_/Users/denni/.pico-sdk/sdk/2.1.0/src/common/pico_time/time.c.obj (__aeabi_ldivmod)
C:/Users/denni/.pico-sdk/toolchain/13_3_Rel1/bin/../lib/gcc/arm-none-eabi/13.3.1/thumb/v8-m.main+fp/softfp\libgcc.a(_aeabi_uldivmod.o)
                              CMakeFiles/Aetherion-v1.0.dir/C_/Users/denni/.pico-sdk/sdk/2.1.0/src/rp2_common/hardware_clocks/clocks.c.obj (__aeabi_uldivmod)
C:/Users/denni/.pico-sdk/toolchain/13_3_Rel1/bin/../lib/gcc/arm-none-eabi/13.3.1/thumb/v8-m.main+fp/softfp\libgcc.a(_udivmoddi4.o)
                              C:/Users/denni/.pico-sdk/toolchain/13_3_Rel1/bin/../lib/gcc/arm-none-eabi/13.3.1/thumb/v8-m.main+fp/softfp\libgcc.a(_aeabi_ldivmod.o) (__udivmoddi4)
C:/Users/denni/.pico-sdk/toolchain/13_3_Rel1/bin/../lib/gcc/arm-none-eabi/13.3.1/thumb/v8-m.main+fp/softfp\libgcc.a(_dvmd_tls.o)
                              C:/Users/denni/.pico-sdk/toolchain/13_3_Rel1/bin/../lib/gcc/arm-none-eabi/13.3.1/thumb/v8-m.main+fp/softfp\libgcc.a(_aeabi_ldivmod.o) (__aeabi_ldiv0)
C:/Users/denni/.pico-sdk/toolchain/13_3_Rel1/bin/../lib/gcc/arm-none-eabi/13.3.1/thumb/v8-m.main+fp/softfp\libg.a(libc_a-calloc.o)
                              CMakeFiles/Aetherion-v1.0.dir/C_/Users/denni/.pico-sdk/sdk/2.1.0/src/rp2_common/pico_malloc/malloc.c.obj (calloc)
C:/Users/denni/.pico-sdk/toolchain/13_3_Rel1/bin/../lib/gcc/arm-none-eabi/13.3.1/thumb/v8-m.main+fp/softfp\libg.a(libc_a-callocr.o)
                              C:/Users/denni/.pico-sdk/toolchain/13_3_Rel1/bin/../lib/gcc/arm-none-eabi/13.3.1/thumb/v8-m.main+fp/softfp\libg.a(libc_a-calloc.o) (_calloc_r)
C:/Users/denni/.pico-sdk/toolchain/13_3_Rel1/bin/../lib/gcc/arm-none-eabi/13.3.1/thumb/v8-m.main+fp/softfp\libg.a(libc_a-malloc.o)
                              CMakeFiles/Aetherion-v1.0.dir/C_/Users/denni/.pico-sdk/sdk/2.1.0/src/rp2_common/pico_malloc/malloc.c.obj (malloc)
C:/Users/denni/.pico-sdk/toolchain/13_3_Rel1/bin/../lib/gcc/arm-none-eabi/13.3.1/thumb/v8-m.main+fp/softfp\libg.a(libc_a-mallocr.o)
                              C:/Users/denni/.pico-sdk/toolchain/13_3_Rel1/bin/../lib/gcc/arm-none-eabi/13.3.1/thumb/v8-m.main+fp/softfp\libg.a(libc_a-callocr.o) (_malloc_r)
C:/Users/denni/.pico-sdk/toolchain/13_3_Rel1/bin/../lib/gcc/arm-none-eabi/13.3.1/thumb/v8-m.main+fp/softfp\libg.a(libc_a-mlock.o)
                              C:/Users/denni/.pico-sdk/toolchain/13_3_Rel1/bin/../lib/gcc/arm-none-eabi/13.3.1/thumb/v8-m.main+fp/softfp\libg.a(libc_a-mallocr.o) (__malloc_lock)
C:/Users/denni/.pico-sdk/toolchain/13_3_Rel1/bin/../lib/gcc/arm-none-eabi/13.3.1/thumb/v8-m.main+fp/softfp\libg.a(libc_a-realloc.o)
                              CMakeFiles/Aetherion-v1.0.dir/C_/Users/denni/.pico-sdk/sdk/2.1.0/src/rp2_common/pico_malloc/malloc.c.obj (realloc)
C:/Users/denni/.pico-sdk/toolchain/13_3_Rel1/bin/../lib/gcc/arm-none-eabi/13.3.1/thumb/v8-m.main+fp/softfp\libg.a(libc_a-reallocr.o)
                              C:/Users/denni/.pico-sdk/toolchain/13_3_Rel1/bin/../lib/gcc/arm-none-eabi/13.3.1/thumb/v8-m.main+fp/softfp\libg.a(libc_a-realloc.o) (_realloc_r)
C:/Users/denni/.pico-sdk/toolchain/13_3_Rel1/bin/../lib/gcc/arm-none-eabi/13.3.1/thumb/v8-m.main+fp/softfp\libg.a(libc_a-memcmp.o)
                              CMakeFiles/Aetherion-v1.0.dir/C_/Users/denni/.pico-sdk/sdk/2.1.0/src/rp2_common/pico_atomic/atomic.c.obj (memcmp)
C:/Users/denni/.pico-sdk/toolchain/13_3_Rel1/bin/../lib/gcc/arm-none-eabi/13.3.1/thumb/v8-m.main+fp/softfp\libg.a(libc_a-memmove.o)
                              C:/Users/denni/.pico-sdk/toolchain/13_3_Rel1/bin/../lib/gcc/arm-none-eabi/13.3.1/thumb/v8-m.main+fp/softfp\libg.a(libc_a-reallocr.o) (memmove)
C:/Users/denni/.pico-sdk/toolchain/13_3_Rel1/bin/../lib/gcc/arm-none-eabi/13.3.1/thumb/v8-m.main+fp/softfp\libg.a(libc_a-memset.o)
[...]
Memory Configuration

Name             Origin             Length             Attributes
FLASH            0x10000000         0x00400000         xr
RAM              0x20000000         0x00080000         xrw
SCRATCH_X        0x20080000         0x00001000         xrw
SCRATCH_Y        0x20081000         0x00001000         xrw
*default*        0x00000000         0xffffffff

Linker script and memory map

LOAD C:/Users/denni/.pico-sdk/toolchain/13_3_Rel1/bin/../lib/gcc/arm-none-eabi/13.3.1/thumb/v8-m.main+fp/softfp/crti.o
LOAD C:/Users/denni/.pico-sdk/toolchain/13_3_Rel1/bin/../lib/gcc/arm-none-eabi/13.3.1/thumb/v8-m.main+fp/softfp/crtbegin.o
LOAD C:/Users/denni/.pico-sdk/toolchain/13_3_Rel1/bin/../lib/gcc/arm-none-eabi/13.3.1/thumb/v8-m.main+fp/softfp/crt0.o

.flash_begin    0x10000000        0x0
                0x10000000                        __flash_binary_start = .

.text           0x10000000     0x7d30
                0x10000000                        __logical_binary_start = .
 *(.vectors)
 .vectors       0x10000000      0x124 CMakeFiles/Aetherion-v1.0.dir/C_/Users/denni/.pico-sdk/sdk/2.1.0/src/rp2_common/pico_crt0/crt0.S.obj
                0x10000000                __VECTOR_TABLE
                0x10000000                __vectors
                0x10000110                __default_isrs_start
                0x10000110                isr_invalid
                0x10000112                isr_nmi
                0x10000114                isr_hardfault
                0x10000116                isr_svcall
                0x10000118                isr_pendsv
                0x1000011a                isr_systick
                0x1000011c                isr_irq31
                0x1000011c                isr_irq5
                0x1000011c                isr_irq11
                0x1000011c                isr_irq32
                0x1000011c                isr_irq23
                0x1000011c                isr_irq48
                0x1000011c                isr_irq35
                0x1000011c                isr_irq18
                0x1000011c                isr_irq50
                0x1000011c                isr_irq27
                0x1000011c                isr_irq40
                0x1000011c                isr_irq28
                0x1000011c                isr_irq19
                0x1000011c                isr_irq36
                0x1000011c                isr_irq41
                0x1000011c                isr_irq0
                0x1000011c                isr_irq6
                0x1000011c                isr_irq45
                0x1000011c                isr_irq12
                0x1000011c                isr_irq37
                0x1000011c                isr_irq42
                0x1000011c                isr_irq22
                0x1000011c                isr_irq43
                0x1000011c                isr_irq17
                0x1000011c                isr_irq38
                0x1000011c                isr_irq14
                0x1000011c                isr_irq13
                0x1000011c                isr_irq2
                0x1000011c                isr_irq10
                0x1000011c                isr_irq8
                0x1000011c                isr_irq24
                0x1000011c                isr_irq46
                0x1000011c                isr_irq1
                0x1000011c                isr_irq47
                0x1000011c                isr_irq51
                0x1000011c                isr_irq7
                0x1000011c                isr_irq21
                0x1000011c                isr_irq39
                0x1000011c                isr_irq20
                0x1000011c                isr_irq15
                0x1000011c                isr_irq25
                0x1000011c                isr_irq34
                0x1000011c                isr_irq49
                0x1000011c                __unhandled_user_irq
                0x1000011c                isr_irq4
                0x1000011c                isr_irq16
                0x1000011c                isr_irq44
                0x1000011c                isr_irq29
                0x1000011c                isr_irq26
                0x1000011c                __default_isrs_end
                0x1000011c                isr_irq33
                0x1000011c                isr_irq3
                0x1000011c                isr_irq30
                0x1000011c                isr_irq9
                0x10000122                unhandled_user_irq_num_in_r0
 *(.binary_info_header)
 .binary_info_header
                0x10000124       0x14 CMakeFiles/Aetherion-v1.0.dir/C_/Users/denni/.pico-sdk/sdk/2.1.0/src/rp2_common/pico_crt0/crt0.S.obj
                0x10000138                        __binary_info_header_end = .
 *(.embedded_block)
 .embedded_block
                0x10000138       0x14 CMakeFiles/Aetherion-v1.0.dir/C_/Users/denni/.pico-sdk/sdk/2.1.0/src/rp2_common/pico_crt0/crt0.S.obj
                0x1000014c                        __embedded_block_end = .
 *(.reset)
 .reset         0x1000014c       0xa0 CMakeFiles/Aetherion-v1.0.dir/C_/Users/denni/.pico-sdk/sdk/2.1.0/src/rp2_common/pico_crt0/crt0.S.obj
                0x1000014c                _entry_point
 *(.init)
 .init          0x100001ec        0x4 C:/Users/denni/.pico-sdk/toolchain/13_3_Rel1/bin/../lib/gcc/arm-none-eabi/13.3.1/thumb/v8-m.main+fp/softfp/crti.o
                0x100001ec                _init
 SORT_BY_NAME(REVERSE(*libgcc.a:cmse_nonsecure_call.o))()
 *(EXCLUDE_FILE(*libm.a: *libc.a:*lib_a-mem*.o *libgcc.a:) .text*)
 .text.register_tm_clones
                0x100001f0       0x28 C:/Users/denni/.pico-sdk/toolchain/13_3_Rel1/bin/../lib/gcc/arm-none-eabi/13.3.1/thumb/v8-m.main+fp/softfp/crtbegin.o
 .text.frame_dummy
                0x10000218       0x24 C:/Users/denni/.pico-sdk/toolchain/13_3_Rel1/bin/../lib/gcc/arm-none-eabi/13.3.1/thumb/v8-m.main+fp/softfp/crtbegin.o
 .text.set_memory
                0x1000023c       0x28 CMakeFiles/Aetherion-v1.0.dir/main.c.obj
                0x1000023c                set_memory
 .text.read_flash
                0x10000264       0x28 CMakeFiles/Aetherion-v1.0.dir/main.c.obj
                0x10000264                read_flash
 .text.conditional
                0x1000028c       0x44 CMakeFiles/Aetherion-v1.0.dir/main.c.obj
                0x1000028c                conditional
 .text.startup.main
                0x100002d0       0xa4 CMakeFiles/Aetherion-v1.0.dir/main.c.obj
                0x100002d0                main
 .text.tud_descriptor_device_cb
                0x10000374        0x8 CMakeFiles/Aetherion-v1.0.dir/src/descriptors.c.obj
                0x10000374                tud_descriptor_device_cb
 .text.tud_descriptor_configuration_cb
                0x1000037c        0x8 CMakeFiles/Aetherion-v1.0.dir/src/descriptors.c.obj
                0x1000037c                tud_descriptor_configuration_cb
 .text.tud_descriptor_string_cb
                0x10000384       0x70 CMakeFiles/Aetherion-v1.0.dir/src/descriptors.c.obj
                0x10000384                tud_descriptor_string_cb
 .text.injection_program_init
                0x100003f4      0x124 CMakeFiles/Aetherion-v1.0.dir/src/injection.c.obj
                0x100003f4                injection_program_init
 .text.macro_injection
                0x10000518       0xb4 CMakeFiles/Aetherion-v1.0.dir/src/injection.c.obj
                0x10000518                macro_injection
 .text.micro_injection
                0x100005cc       0xf0 CMakeFiles/Aetherion-v1.0.dir/src/injection.c.obj
                0x100005cc                micro_injection
 .text.inject_memory
                0x100006bc       0xfc CMakeFiles/Aetherion-v1.0.dir/src/injection.c.obj
                0x100006bc                inject_memory
 .text.post_version
                0x100007b8       0x1c CMakeFiles/Aetherion-v1.0.dir/src/ostrich.c.obj
                0x100007b8                post_version
 .text.post_vendor
                0x100007d4       0x1c CMakeFiles/Aetherion-v1.0.dir/src/ostrich.c.obj
                0x100007d4                post_vendor
 .text.bank_select
                0x100007f0       0x60 CMakeFiles/Aetherion-v1.0.dir/src/ostrich.c.obj
                0x100007f0                bank_select
 .text.bank_select_v
                0x10000850       0x60 CMakeFiles/Aetherion-v1.0.dir/src/ostrich.c.obj
                0x10000850                bank_select_v
 .text.bank_persist
                0x100008b0       0x8c CMakeFiles/Aetherion-v1.0.dir/src/ostrich.c.obj
                0x100008b0                bank_persist
 .text.read_and_forward
                0x1000093c       0x88 CMakeFiles/Aetherion-v1.0.dir/src/ostrich.c.obj
                0x1000093c                read_and_forward
 .text.start_log
                0x100009c4       0x98 CMakeFiles/Aetherion-v1.0.dir/src/ostrich.c.obj
                0x100009c4                start_log
 .text.bank_v_persist
                0x10000a5c       0x84 CMakeFiles/Aetherion-v1.0.dir/src/ostrich.c.obj
                0x10000a5c                bank_v_persist
 .text.bank_current
                0x10000ae0       0x84 CMakeFiles/Aetherion-v1.0.dir/src/ostrich.c.obj
                0x10000ae0                bank_current
 .text.bank_volitile
                0x10000b64       0x84 CMakeFiles/Aetherion-v1.0.dir/src/ostrich.c.obj
                0x10000b64                bank_volitile
 .text.deploy_bx
                0x10000be8       0xf4 CMakeFiles/Aetherion-v1.0.dir/src/ostrich.c.obj
                0x10000be8                deploy_bx
 .text.bulk_read
                0x10000cdc      0x168 CMakeFiles/Aetherion-v1.0.dir/src/ostrich.c.obj
                0x10000cdc                bulk_read
 .text.micro_read
                0x10000e44      0x19c CMakeFiles/Aetherion-v1.0.dir/src/ostrich.c.obj
                0x10000e44                micro_read
 .text.micro_write
                0x10000fe0      0x1e8 CMakeFiles/Aetherion-v1.0.dir/src/ostrich.c.obj
                0x10000fe0                micro_write
 .text.bulk_write
                0x100011c8      0x210 CMakeFiles/Aetherion-v1.0.dir/src/ostrich.c.obj
                0x100011c8                bulk_write
 .text.change_vendor
                0x100013d8      0x124 CMakeFiles/Aetherion-v1.0.dir/src/ostrich.c.obj
                0x100013d8                change_vendor
 .text.post_serial
                0x100014fc       0xbc CMakeFiles/Aetherion-v1.0.dir/src/ostrich.c.obj
                0x100014fc                post_serial
 .text.deploy_nx
                0x100015b8      0x138 CMakeFiles/Aetherion-v1.0.dir/src/ostrich.c.obj
                0x100015b8                deploy_nx
 .text.datalog_init
                0x100016f0       0x3c CMakeFiles/Aetherion-v1.0.dir/src/ostrich.c.obj
                0x100016f0                datalog_init
 .text.execute_command
                0x1000172c       0x6c CMakeFiles/Aetherion-v1.0.dir/src/ostrich.c.obj
                0x1000172c                execute_command
 .text.ostrich_init
                0x10001798      0x278 CMakeFiles/Aetherion-v1.0.dir/src/ostrich.c.obj
                0x10001798                ostrich_init
 .text.mutexes_init
                0x10001a10       0x24 CMakeFiles/Aetherion-v1.0.dir/src/mutexes.c.obj
                0x10001a10                mutexes_init
 .text.flash_bank_zero
                0x10001a34        0x8 CMakeFiles/Aetherion-v1.0.dir/src/flash_memory.c.obj
                0x10001a34                flash_bank_zero
 .text.flash_bank_one
                0x10001a3c        0x8 CMakeFiles/Aetherion-v1.0.dir/src/flash_memory.c.obj
                0x10001a3c                flash_bank_one
 .text.read_persist
                0x10001a44        0x8 CMakeFiles/Aetherion-v1.0.dir/src/flash_memory.c.obj
                0x10001a44                read_persist
 .text.print    0x10001a4c       0x88 CMakeFiles/Aetherion-v1.0.dir/src/developer_tools.c.obj
                0x10001a4c                print
 .text.gpio_set_function
                0x10001ad4       0x3c CMakeFiles/Aetherion-v1.0.dir/C_/Users/denni/.pico-sdk/sdk/2.1.0/src/rp2_common/hardware_gpio/gpio.c.obj
                0x10001ad4                gpio_set_function
 .text.gpio_init
                0x10001b10       0x48 CMakeFiles/Aetherion-v1.0.dir/C_/Users/denni/.pico-sdk/sdk/2.1.0/src/rp2_common/hardware_gpio/gpio.c.obj
                0x10001b10                gpio_init
 .text.gpio_deinit
                0x10001b58       0x40 CMakeFiles/Aetherion-v1.0.dir/C_/Users/denni/.pico-sdk/sdk/2.1.0/src/rp2_common/hardware_gpio/gpio.c.obj
                0x10001b58                gpio_deinit
 .text.panic    0x10001b98       0x30 CMakeFiles/Aetherion-v1.0.dir/C_/Users/denni/.pico-sdk/sdk/2.1.0/src/rp2_common/pico_platform_panic/panic.c.obj
                0x10001b98                panic
 .text.hw_claim_lock
                0x10001bc8       0x24 CMakeFiles/Aetherion-v1.0.dir/C_/Users/denni/.pico-sdk/sdk/2.1.0/src/common/hardware_claim/claim.c.obj
                0x10001bc8                hw_claim_lock
 .text.hw_claim_unlock
                0x10001bec       0x14 CMakeFiles/Aetherion-v1.0.dir/C_/Users/denni/.pico-sdk/sdk/2.1.0/src/common/hardware_claim/claim.c.obj
                0x10001bec                hw_claim_unlock
 .text.hw_claim_or_assert
                0x10001c00       0x58 CMakeFiles/Aetherion-v1.0.dir/C_/Users/denni/.pico-sdk/sdk/2.1.0/src/common/hardware_claim/claim.c.obj
                0x10001c00                hw_claim_or_assert
 .text.hw_claim_unused_from_range
                0x10001c58       0x9c CMakeFiles/Aetherion-v1.0.dir/C_/Users/denni/.pico-sdk/sdk/2.1.0/src/common/hardware_claim/claim.c.obj
                0x10001c58                hw_claim_unused_from_range
 .text.next_striped_spin_lock_num
                0x10001cf4       0x18 CMakeFiles/Aetherion-v1.0.dir/C_/Users/denni/.pico-sdk/sdk/2.1.0/src/rp2_common/hardware_sync/sync.c.obj
                0x10001cf4                next_striped_spin_lock_num
 .text.spin_lock_claim_unused
                0x10001d0c       0x20 CMakeFiles/Aetherion-v1.0.dir/C_/Users/denni/.pico-sdk/sdk/2.1.0/src/rp2_common/hardware_sync/sync.c.obj
                0x10001d0c                spin_lock_claim_unused
 .text.spinlock_set_extexclall
                0x10001d2c       0x10 CMakeFiles/Aetherion-v1.0.dir/C_/Users/denni/.pico-sdk/sdk/2.1.0/src/rp2_common/hardware_sync_spin_lock/sync_spin_lock.c.obj
 .text.spin_locks_reset
                0x10001d3c       0x18 CMakeFiles/Aetherion-v1.0.dir/C_/Users/denni/.pico-sdk/sdk/2.1.0/src/rp2_common/hardware_sync_spin_lock/sync_spin_lock.c.obj
                0x10001d3c                spin_locks_reset
 .text.runtime_init_per_core_irq_priorities
                0x10001d54       0x40 CMakeFiles/Aetherion-v1.0.dir/C_/Users/denni/.pico-sdk/sdk/2.1.0/src/rp2_common/hardware_irq/irq.c.obj
                0x10001d54                runtime_init_per_core_irq_priorities
 .text.irq_set_enabled
                0x10001d94       0x2c CMakeFiles/Aetherion-v1.0.dir/C_/Users/denni/.pico-sdk/sdk/2.1.0/src/rp2_common/hardware_irq/irq.c.obj
                0x10001d94                irq_set_enabled
 .text.irq_is_enabled
                0x10001dc0       0x20 CMakeFiles/Aetherion-v1.0.dir/C_/Users/denni/.pico-sdk/sdk/2.1.0/src/rp2_common/hardware_irq/irq.c.obj
                0x10001dc0                irq_is_enabled
 .text.irq_set_exclusive_handler
                0x10001de0       0x60 CMakeFiles/Aetherion-v1.0.dir/C_/Users/denni/.pico-sdk/sdk/2.1.0/src/rp2_common/hardware_irq/irq.c.obj
                0x10001de0                irq_set_exclusive_handler
 .text.irq_add_shared_handler
                0x10001e40      0x1e8 CMakeFiles/Aetherion-v1.0.dir/C_/Users/denni/.pico-sdk/sdk/2.1.0/src/rp2_common/hardware_irq/irq.c.obj
                0x10001e40                irq_add_shared_handler
 .text.irq_add_tail_to_free_list
                0x10002028       0xbc CMakeFiles/Aetherion-v1.0.dir/C_/Users/denni/.pico-sdk/sdk/2.1.0/src/rp2_common/hardware_irq/irq.c.obj
                0x10002028                irq_add_tail_to_free_list
 .text.lock_init
                0x100020e4        0xc CMakeFiles/Aetherion-v1.0.dir/C_/Users/denni/.pico-sdk/sdk/2.1.0/src/common/pico_sync/lock_core.c.obj
                0x100020e4                lock_init
 .text.runtime_init_mutex
                0x100020f0       0x4c CMakeFiles/Aetherion-v1.0.dir/C_/Users/denni/.pico-sdk/sdk/2.1.0/src/common/pico_sync/mutex.c.obj
                0x100020f0                runtime_init_mutex
 .text.mutex_init
                0x1000213c       0x1c CMakeFiles/Aetherion-v1.0.dir/C_/Users/denni/.pico-sdk/sdk/2.1.0/src/common/pico_sync/mutex.c.obj
                0x1000213c                mutex_init
 .text.critical_section_init
                0x10002158       0x1c CMakeFiles/Aetherion-v1.0.dir/C_/Users/denni/.pico-sdk/sdk/2.1.0/src/common/pico_sync/critical_section.c.obj
                0x10002158                critical_section_init
 .text.sleep_until_callback
                0x10002174       0x3c CMakeFiles/Aetherion-v1.0.dir/C_/Users/denni/.pico-sdk/sdk/2.1.0/src/common/pico_time/time.c.obj
 .text.alarm_pool_irq_handler
                0x100021b0      0x2e0 CMakeFiles/Aetherion-v1.0.dir/C_/Users/denni/.pico-sdk/sdk/2.1.0/src/common/pico_time/time.c.obj
 .text.runtime_init_default_alarm_pool
                0x10002490      0x100 CMakeFiles/Aetherion-v1.0.dir/C_/Users/denni/.pico-sdk/sdk/2.1.0/src/common/pico_time/time.c.obj
                0x10002490                runtime_init_default_alarm_pool
 .text.alarm_pool_add_alarm_at_force_in_context
                0x10002590       0xc8 CMakeFiles/Aetherion-v1.0.dir/C_/Users/denni/.pico-sdk/sdk/2.1.0/src/common/pico_time/time.c.obj
                0x10002590                alarm_pool_add_alarm_at_force_in_context
 .text.alarm_pool_cancel_alarm
                0x10002658       0x80 CMakeFiles/Aetherion-v1.0.dir/C_/Users/denni/.pico-sdk/sdk/2.1.0/src/common/pico_time/time.c.obj
                0x10002658                alarm_pool_cancel_alarm
 .text.sleep_until
                0x100026d8       0xbc CMakeFiles/Aetherion-v1.0.dir/C_/Users/denni/.pico-sdk/sdk/2.1.0/src/common/pico_time/time.c.obj
                0x100026d8                sleep_until
 .text.sleep_us
                0x10002794       0x30 CMakeFiles/Aetherion-v1.0.dir/C_/Users/denni/.pico-sdk/sdk/2.1.0/src/common/pico_time/time.c.obj
                0x10002794                sleep_us
 .text.sleep_ms
                0x100027c4       0x2c CMakeFiles/Aetherion-v1.0.dir/C_/Users/denni/.pico-sdk/sdk/2.1.0/src/common/pico_time/time.c.obj
                0x100027c4                sleep_ms
 .text.best_effort_wfe_or_timeout
                0x100027f0       0xb0 CMakeFiles/Aetherion-v1.0.dir/C_/Users/denni/.pico-sdk/sdk/2.1.0/src/common/pico_time/time.c.obj
                0x100027f0                best_effort_wfe_or_timeout
 .text.timer_hardware_alarm_claim
                0x100028a0       0x24 CMakeFiles/Aetherion-v1.0.dir/C_/Users/denni/.pico-sdk/sdk/2.1.0/src/rp2_common/hardware_timer/timer.c.obj
                0x100028a0                timer_hardware_alarm_claim
 .text.timer_time_us_64
                0x100028c4       0x10 CMakeFiles/Aetherion-v1.0.dir/C_/Users/denni/.pico-sdk/sdk/2.1.0/src/rp2_common/hardware_timer/timer.c.obj
                0x100028c4                timer_time_us_64
 .text.time_us_64
                0x100028d4       0x14 CMakeFiles/Aetherion-v1.0.dir/C_/Users/denni/.pico-sdk/sdk/2.1.0/src/rp2_common/hardware_timer/timer.c.obj
                0x100028d4                time_us_64
 .text.busy_wait_us
                0x100028e8       0x64 CMakeFiles/Aetherion-v1.0.dir/C_/Users/denni/.pico-sdk/sdk/2.1.0/src/rp2_common/hardware_timer/timer.c.obj
                0x100028e8                busy_wait_us
 .text.busy_wait_until
                0x1000294c       0x24 CMakeFiles/Aetherion-v1.0.dir/C_/Users/denni/.pico-sdk/sdk/2.1.0/src/rp2_common/hardware_timer/timer.c.obj
                0x1000294c                busy_wait_until
 .text.uart_init
                0x10002970      0x104 CMakeFiles/Aetherion-v1.0.dir/C_/Users/denni/.pico-sdk/sdk/2.1.0/src/rp2_common/hardware_uart/uart.c.obj
                0x10002970                uart_init
 .text.uart_set_format
                0x10002a74       0x70 CMakeFiles/Aetherion-v1.0.dir/C_/Users/denni/.pico-sdk/sdk/2.1.0/src/rp2_common/hardware_uart/uart.c.obj
                0x10002a74                uart_set_format
 .text.uart_set_fifo_enabled
                0x10002ae4       0x58 CMakeFiles/Aetherion-v1.0.dir/C_/Users/denni/.pico-sdk/sdk/2.1.0/src/rp2_common/hardware_uart/uart.c.obj
                0x10002ae4                uart_set_fifo_enabled
 .text.clock_configure_undivided
                0x10002b3c       0xd0 CMakeFiles/Aetherion-v1.0.dir/C_/Users/denni/.pico-sdk/sdk/2.1.0/src/rp2_common/hardware_clocks/clocks.c.obj
                0x10002b3c                clock_configure_undivided
 .text.clock_get_hz
                0x10002c0c        0xc CMakeFiles/Aetherion-v1.0.dir/C_/Users/denni/.pico-sdk/sdk/2.1.0/src/rp2_common/hardware_clocks/clocks.c.obj
                0x10002c0c                clock_get_hz
 .text.set_sys_clock_pll
                0x10002c18      0x184 CMakeFiles/Aetherion-v1.0.dir/C_/Users/denni/.pico-sdk/sdk/2.1.0/src/rp2_common/hardware_clocks/clocks.c.obj
                0x10002c18                set_sys_clock_pll
 .text.check_sys_clock_khz
                0x10002d9c      0x19c CMakeFiles/Aetherion-v1.0.dir/C_/Users/denni/.pico-sdk/sdk/2.1.0/src/rp2_common/hardware_clocks/clocks.c.obj
                0x10002d9c                check_sys_clock_khz
 .text.pll_init
                0x10002f38       0x8c CMakeFiles/Aetherion-v1.0.dir/C_/Users/denni/.pico-sdk/sdk/2.1.0/src/rp2_common/hardware_pll/pll.c.obj
                0x10002f38                pll_init
 .text.vreg_set_voltage
                0x10002fc4       0x44 CMakeFiles/Aetherion-v1.0.dir/C_/Users/denni/.pico-sdk/sdk/2.1.0/src/rp2_common/hardware_vreg/vreg.c.obj
                0x10002fc4                vreg_set_voltage
 .text.tick_start
                0x10003008       0x18 CMakeFiles/Aetherion-v1.0.dir/C_/Users/denni/.pico-sdk/sdk/2.1.0/src/rp2_common/hardware_ticks/ticks.c.obj
                0x10003008                tick_start
 .text.rom_reboot.constprop.0.isra.0
                0x10003020       0x34 CMakeFiles/Aetherion-v1.0.dir/C_/Users/denni/.pico-sdk/sdk/2.1.0/src/rp2_common/pico_bootrom/bootrom.c.obj
 .text.rom_func_lookup
                0x10003054       0x18 CMakeFiles/Aetherion-v1.0.dir/C_/Users/denni/.pico-sdk/sdk/2.1.0/src/rp2_common/pico_bootrom/bootrom.c.obj
                0x10003054                rom_func_lookup
 .text.rom_data_lookup
                0x1000306c        0x8 CMakeFiles/Aetherion-v1.0.dir/C_/Users/denni/.pico-sdk/sdk/2.1.0/src/rp2_common/pico_bootrom/bootrom.c.obj
                0x1000306c                rom_data_lookup
 .text.rom_reset_usb_boot
                0x10003074       0x1c CMakeFiles/Aetherion-v1.0.dir/C_/Users/denni/.pico-sdk/sdk/2.1.0/src/rp2_common/pico_bootrom/bootrom.c.obj
                0x10003074                rom_reset_usb_boot
 .text.runtime_init_bootrom_locking_enable
                0x10003090       0x14 CMakeFiles/Aetherion-v1.0.dir/C_/Users/denni/.pico-sdk/sdk/2.1.0/src/rp2_common/pico_bootrom/bootrom_lock.c.obj
                0x10003090                runtime_init_bootrom_locking_enable
 .text.runtime_init_boot_locks_reset
                0x100030a4       0x1c CMakeFiles/Aetherion-v1.0.dir/C_/Users/denni/.pico-sdk/sdk/2.1.0/src/rp2_common/hardware_boot_lock/boot_lock.c.obj
                0x100030a4                runtime_init_boot_locks_reset
 .text.xosc_init
                0x100030c0       0x2c CMakeFiles/Aetherion-v1.0.dir/C_/Users/denni/.pico-sdk/sdk/2.1.0/src/rp2_common/hardware_xosc/xosc.c.obj
                0x100030c0                xosc_init
 .text.first_per_core_initializer
                0x100030ec        0x4 CMakeFiles/Aetherion-v1.0.dir/C_/Users/denni/.pico-sdk/sdk/2.1.0/src/rp2_common/pico_runtime/runtime.c.obj
 .text.hard_assertion_failure
                0x100030f0        0xc CMakeFiles/Aetherion-v1.0.dir/C_/Users/denni/.pico-sdk/sdk/2.1.0/src/rp2_common/pico_runtime/runtime.c.obj
                0x100030f0                hard_assertion_failure
 .text.runtime_run_initializers
                0x100030fc       0x20 CMakeFiles/Aetherion-v1.0.dir/C_/Users/denni/.pico-sdk/sdk/2.1.0/src/rp2_common/pico_runtime/runtime.c.obj
                0x100030fc                runtime_run_initializers
 .text.runtime_run_per_core_initializers
                0x1000311c       0x20 CMakeFiles/Aetherion-v1.0.dir/C_/Users/denni/.pico-sdk/sdk/2.1.0/src/rp2_common/pico_runtime/runtime.c.obj
                0x1000311c                runtime_run_per_core_initializers
 .text.runtime_init_early_resets
                0x1000313c       0x34 CMakeFiles/Aetherion-v1.0.dir/C_/Users/denni/.pico-sdk/sdk/2.1.0/src/rp2_common/pico_runtime_init/runtime_init.c.obj
                0x1000313c                runtime_init_early_resets
 .text.runtime_init_usb_power_down
                0x10003170       0x1c CMakeFiles/Aetherion-v1.0.dir/C_/Users/denni/.pico-sdk/sdk/2.1.0/src/rp2_common/pico_runtime_init/runtime_init.c.obj
                0x10003170                runtime_init_usb_power_down
 .text.runtime_init_per_core_enable_coprocessors
                0x1000318c       0x1c CMakeFiles/Aetherion-v1.0.dir/C_/Users/denni/.pico-sdk/sdk/2.1.0/src/rp2_common/pico_runtime_init/runtime_init.c.obj
                0x1000318c                runtime_init_per_core_enable_coprocessors
 .text.runtime_init_post_clock_resets
                0x100031a8       0x20 CMakeFiles/Aetherion-v1.0.dir/C_/Users/denni/.pico-sdk/sdk/2.1.0/src/rp2_common/pico_runtime_init/runtime_init.c.obj
                0x100031a8                runtime_init_post_clock_resets
 .text.runtime_init_bootrom_reset
                0x100031c8       0x14 CMakeFiles/Aetherion-v1.0.dir/C_/Users/denni/.pico-sdk/sdk/2.1.0/src/rp2_common/pico_runtime_init/runtime_init.c.obj
                0x100031c8                runtime_init_bootrom_reset
 .text.runtime_init_per_core_bootrom_reset
                0x100031dc       0x14 CMakeFiles/Aetherion-v1.0.dir/C_/Users/denni/.pico-sdk/sdk/2.1.0/src/rp2_common/pico_runtime_init/runtime_init.c.obj
                0x100031dc                runtime_init_per_core_bootrom_reset
 .text.runtime_init_spin_locks_reset
                0x100031f0        0x4 CMakeFiles/Aetherion-v1.0.dir/C_/Users/denni/.pico-sdk/sdk/2.1.0/src/rp2_common/pico_runtime_init/runtime_init.c.obj
                0x100031f0                runtime_init_spin_locks_reset
 .text.runtime_init_install_ram_vector_table
                0x100031f4       0x20 CMakeFiles/Aetherion-v1.0.dir/C_/Users/denni/.pico-sdk/sdk/2.1.0/src/rp2_common/pico_runtime_init/runtime_init.c.obj
                0x100031f4                runtime_init_install_ram_vector_table
 .text.runtime_init_clocks
                0x10003214       0xdc CMakeFiles/Aetherion-v1.0.dir/C_/Users/denni/.pico-sdk/sdk/2.1.0/src/rp2_common/pico_runtime_init/runtime_init_clocks.c.obj
                0x10003214                runtime_init_clocks
 .text.__rp2350_dcp_engaged_state_save_restore
                0x100032f0       0x3a CMakeFiles/Aetherion-v1.0.dir/C_/Users/denni/.pico-sdk/sdk/2.1.0/src/rp2_common/pico_double/double_aeabi_dcp.S.obj
 *fill*         0x1000332a        0x2 
 .text.__wrap___aeabi_dadd
                0x1000332c       0x28 CMakeFiles/Aetherion-v1.0.dir/C_/Users/denni/.pico-sdk/sdk/2.1.0/src/rp2_common/pico_double/double_aeabi_dcp.S.obj
                0x10003334                __wrap___aeabi_dadd
 .text.__wrap___aeabi_dsub
                0x10003354       0x28 CMakeFiles/Aetherion-v1.0.dir/C_/Users/denni/.pico-sdk/sdk/2.1.0/src/rp2_common/pico_double/double_aeabi_dcp.S.obj
                0x1000335c                __wrap___aeabi_dsub
 .text.__wrap___aeabi_dmul
                0x1000337c       0x4c CMakeFiles/Aetherion-v1.0.dir/C_/Users/denni/.pico-sdk/sdk/2.1.0/src/rp2_common/pico_double/double_aeabi_dcp.S.obj
                0x10003384                __wrap___aeabi_dmul
 .text.__wrap___aeabi_ddiv
                0x100033c8       0x9c CMakeFiles/Aetherion-v1.0.dir/C_/Users/denni/.pico-sdk/sdk/2.1.0/src/rp2_common/pico_double/double_aeabi_dcp.S.obj
                0x100033d0                __wrap___aeabi_ddiv
 .text.__wrap___aeabi_i2d
                0x10003464       0x24 CMakeFiles/Aetherion-v1.0.dir/C_/Users/denni/.pico-sdk/sdk/2.1.0/src/rp2_common/pico_double/double_aeabi_dcp.S.obj
                0x1000346c                __wrap___aeabi_i2d
 .text.__wrap___aeabi_ui2d
                0x10003488       0x24 CMakeFiles/Aetherion-v1.0.dir/C_/Users/denni/.pico-sdk/sdk/2.1.0/src/rp2_common/pico_double/double_aeabi_dcp.S.obj
                0x10003490                __wrap___aeabi_ui2d
 .text.__wrap___aeabi_d2iz
                0x100034ac       0x24 CMakeFiles/Aetherion-v1.0.dir/C_/Users/denni/.pico-sdk/sdk/2.1.0/src/rp2_common/pico_double/double_aeabi_dcp.S.obj
                0x100034b4                __wrap___aeabi_d2iz
 .text.__wrap___aeabi_d2uiz
                0x100034d0       0x24 CMakeFiles/Aetherion-v1.0.dir/C_/Users/denni/.pico-sdk/sdk/2.1.0/src/rp2_common/pico_double/double_aeabi_dcp.S.obj
                0x100034d8                __wrap___aeabi_d2uiz
 .text.__wrap___aeabi_dcmpun
                0x100034f4       0x24 CMakeFiles/Aetherion-v1.0.dir/C_/Users/denni/.pico-sdk/sdk/2.1.0/src/rp2_common/pico_double/double_aeabi_dcp.S.obj
                0x100034fc                __wrap___aeabi_dcmpun
 .text.__wrap___aeabi_dcmplt
                0x10003518       0x28 CMakeFiles/Aetherion-v1.0.dir/C_/Users/denni/.pico-sdk/sdk/2.1.0/src/rp2_common/pico_double/double_aeabi_dcp.S.obj
                0x10003520                __wrap___aeabi_dcmplt
 .text.__wrap___aeabi_dcmpge
                0x10003540       0x28 CMakeFiles/Aetherion-v1.0.dir/C_/Users/denni/.pico-sdk/sdk/2.1.0/src/rp2_common/pico_double/double_aeabi_dcp.S.obj
                0x10003548                __wrap___aeabi_dcmpge
 .text.__wrap___aeabi_dcmpgt
                0x10003568       0x28 CMakeFiles/Aetherion-v1.0.dir/C_/Users/denni/.pico-sdk/sdk/2.1.0/src/rp2_common/pico_double/double_aeabi_dcp.S.obj
                0x10003570                __wrap___aeabi_dcmpgt
 .text.__wrap_malloc
                0x10003590       0x38 CMakeFiles/Aetherion-v1.0.dir/C_/Users/denni/.pico-sdk/sdk/2.1.0/src/rp2_common/pico_malloc/malloc.c.obj
                0x10003590                __wrap_malloc
 .text._out_buffer
                0x100035c8        0x8 CMakeFiles/Aetherion-v1.0.dir/C_/Users/denni/.pico-sdk/sdk/2.1.0/src/rp2_common/pico_printf/printf.c.obj
 .text._out_null
                0x100035d0        0x4 CMakeFiles/Aetherion-v1.0.dir/C_/Users/denni/.pico-sdk/sdk/2.1.0/src/rp2_common/pico_printf/printf.c.obj
 .text._out_rev
                0x100035d4       0x9c CMakeFiles/Aetherion-v1.0.dir/C_/Users/denni/.pico-sdk/sdk/2.1.0/src/rp2_common/pico_printf/printf.c.obj
 .text._ntoa_format
                0x10003670      0x2a4 CMakeFiles/Aetherion-v1.0.dir/C_/Users/denni/.pico-sdk/sdk/2.1.0/src/rp2_common/pico_printf/printf.c.obj
 .text._out_char
                0x10003914        0x8 CMakeFiles/Aetherion-v1.0.dir/C_/Users/denni/.pico-sdk/sdk/2.1.0/src/rp2_common/pico_printf/printf.c.obj
 *fill*         0x1000391c        0x4 
 .text._etoa    0x10003920      0x460 CMakeFiles/Aetherion-v1.0.dir/C_/Users/denni/.pico-sdk/sdk/2.1.0/src/rp2_common/pico_printf/printf.c.obj
 .text._ftoa    0x10003d80      0x3f4 CMakeFiles/Aetherion-v1.0.dir/C_/Users/denni/.pico-sdk/sdk/2.1.0/src/rp2_common/pico_printf/printf.c.obj
 .text._vsnprintf
                0x10004174      0x9e8 CMakeFiles/Aetherion-v1.0.dir/C_/Users/denni/.pico-sdk/sdk/2.1.0/src/rp2_common/pico_printf/printf.c.obj
 .text.__wrap_snprintf
                0x10004b5c       0x2c CMakeFiles/Aetherion-v1.0.dir/C_/Users/denni/.pico-sdk/sdk/2.1.0/src/rp2_common/pico_printf/printf.c.obj
                0x10004b5c                __wrap_snprintf
 .text.weak_raw_vprintf
                0x10004b88       0x30 CMakeFiles/Aetherion-v1.0.dir/C_/Users/denni/.pico-sdk/sdk/2.1.0/src/rp2_common/pico_printf/printf.c.obj
                0x10004b88                weak_raw_vprintf
 .text._exit    0x10004bb8        0x4 CMakeFiles/Aetherion-v1.0.dir/C_/Users/denni/.pico-sdk/sdk/2.1.0/src/rp2_common/pico_clib_interface/newlib_interface.c.obj
                0x10004bb8                _exit
 .text._sbrk    0x10004bbc       0x2c CMakeFiles/Aetherion-v1.0.dir/C_/Users/denni/.pico-sdk/sdk/2.1.0/src/rp2_common/pico_clib_interface/newlib_interface.c.obj
                0x10004bbc                _sbrk
 .text.exit     0x10004be8        0x8 CMakeFiles/Aetherion-v1.0.dir/C_/Users/denni/.pico-sdk/sdk/2.1.0/src/rp2_common/pico_clib_interface/newlib_interface.c.obj
                0x10004be8                exit
 .text.runtime_init
                0x10004bf0       0x24 CMakeFiles/Aetherion-v1.0.dir/C_/Users/denni/.pico-sdk/sdk/2.1.0/src/rp2_common/pico_clib_interface/newlib_interface.c.obj
                0x10004bf0                runtime_init
 .text.stdio_out_chars_no_crlf
                0x10004c14        0x8 CMakeFiles/Aetherion-v1.0.dir/C_/Users/denni/.pico-sdk/sdk/2.1.0/src/rp2_common/pico_stdio/stdio.c.obj
 .text.stdio_out_chars_crlf
                0x10004c1c       0xac CMakeFiles/Aetherion-v1.0.dir/C_/Users/denni/.pico-sdk/sdk/2.1.0/src/rp2_common/pico_stdio/stdio.c.obj
 .text.stdio_put_string
                0x10004cc8       0xf0 CMakeFiles/Aetherion-v1.0.dir/C_/Users/denni/.pico-sdk/sdk/2.1.0/src/rp2_common/pico_stdio/stdio.c.obj
                0x10004cc8                stdio_put_string
 .text.__wrap_putchar
                0x10004db8       0x84 CMakeFiles/Aetherion-v1.0.dir/C_/Users/denni/.pico-sdk/sdk/2.1.0/src/rp2_common/pico_stdio/stdio.c.obj
                0x10004db8                __wrap_putchar
                0x10004db8                stdio_putchar
 .text.__wrap_puts
                0x10004e3c       0x3c CMakeFiles/Aetherion-v1.0.dir/C_/Users/denni/.pico-sdk/sdk/2.1.0/src/rp2_common/pico_stdio/stdio.c.obj
                0x10004e3c                stdio_puts
                0x10004e3c                __wrap_puts
 .text.pio_add_program
                0x10004e78       0xf8 CMakeFiles/Aetherion-v1.0.dir/C_/Users/denni/.pico-sdk/sdk/2.1.0/src/rp2_common/hardware_pio/pio.c.obj
                0x10004e78                pio_add_program
 .text.pio_sm_set_consecutive_pindirs
                0x10004f70       0x8c CMakeFiles/Aetherion-v1.0.dir/C_/Users/denni/.pico-sdk/sdk/2.1.0/src/rp2_common/hardware_pio/pio.c.obj
                0x10004f70                pio_sm_set_consecutive_pindirs
 .text.pio_sm_init
                0x10004ffc       0xa8 CMakeFiles/Aetherion-v1.0.dir/C_/Users/denni/.pico-sdk/sdk/2.1.0/src/rp2_common/hardware_pio/pio.c.obj
                0x10004ffc                pio_sm_init
 .text.core1_trampoline
                0x100050a4        0x4 CMakeFiles/Aetherion-v1.0.dir/C_/Users/denni/.pico-sdk/sdk/2.1.0/src/rp2_common/pico_multicore/multicore.c.obj
 .text.core1_wrapper
                0x100050a8       0x10 CMakeFiles/Aetherion-v1.0.dir/C_/Users/denni/.pico-sdk/sdk/2.1.0/src/rp2_common/pico_multicore/multicore.c.obj
                0x100050a8                core1_wrapper
 .text.multicore_lockout_handshake
                0x100050b8      0x100 CMakeFiles/Aetherion-v1.0.dir/C_/Users/denni/.pico-sdk/sdk/2.1.0/src/rp2_common/pico_multicore/multicore.c.obj
 .text.multicore_launch_core1_raw
                0x100051b8       0x88 CMakeFiles/Aetherion-v1.0.dir/C_/Users/denni/.pico-sdk/sdk/2.1.0/src/rp2_common/pico_multicore/multicore.c.obj
                0x100051b8                multicore_launch_core1_raw
 .text.multicore_launch_core1
                0x10005240       0x48 CMakeFiles/Aetherion-v1.0.dir/C_/Users/denni/.pico-sdk/sdk/2.1.0/src/rp2_common/pico_multicore/multicore.c.obj
                0x10005240                multicore_launch_core1
 .text.multicore_lockout_victim_init
                0x10005288       0x48 CMakeFiles/Aetherion-v1.0.dir/C_/Users/denni/.pico-sdk/sdk/2.1.0/src/rp2_common/pico_multicore/multicore.c.obj
                0x10005288                multicore_lockout_victim_init
 .text.multicore_lockout_start_blocking
                0x100052d0       0x64 CMakeFiles/Aetherion-v1.0.dir/C_/Users/denni/.pico-sdk/sdk/2.1.0/src/rp2_common/pico_multicore/multicore.c.obj
                0x100052d0                multicore_lockout_start_blocking
 .text.multicore_lockout_end_blocking
                0x10005334       0x44 CMakeFiles/Aetherion-v1.0.dir/C_/Users/denni/.pico-sdk/sdk/2.1.0/src/rp2_common/pico_multicore/multicore.c.obj
                0x10005334                multicore_lockout_end_blocking
 .text.dcd_init
                0x10005378       0x90 CMakeFiles/Aetherion-v1.0.dir/C_/Users/denni/.pico-sdk/sdk/2.1.0/lib/tinyusb/src/portable/raspberrypi/rp2040/dcd_rp2040.c.obj
                0x10005378                dcd_init
 .text.dcd_int_enable
                0x10005408        0x8 CMakeFiles/Aetherion-v1.0.dir/C_/Users/denni/.pico-sdk/sdk/2.1.0/lib/tinyusb/src/portable/raspberrypi/rp2040/dcd_rp2040.c.obj
                0x10005408                dcd_int_enable
 .text.dcd_set_address
                0x10005410       0x10 CMakeFiles/Aetherion-v1.0.dir/C_/Users/denni/.pico-sdk/sdk/2.1.0/lib/tinyusb/src/portable/raspberrypi/rp2040/dcd_rp2040.c.obj
                0x10005410                dcd_set_address
 .text.dcd_sof_enable
                0x10005420       0x1c CMakeFiles/Aetherion-v1.0.dir/C_/Users/denni/.pico-sdk/sdk/2.1.0/lib/tinyusb/src/portable/raspberrypi/rp2040/dcd_rp2040.c.obj
                0x10005420                dcd_sof_enable
 .text.dcd_edpt0_status_complete
                0x1000543c       0x1c CMakeFiles/Aetherion-v1.0.dir/C_/Users/denni/.pico-sdk/sdk/2.1.0/lib/tinyusb/src/portable/raspberrypi/rp2040/dcd_rp2040.c.obj
                0x1000543c                dcd_edpt0_status_complete
 .text.dcd_edpt_open
                0x10005458       0xf8 CMakeFiles/Aetherion-v1.0.dir/C_/Users/denni/.pico-sdk/sdk/2.1.0/lib/tinyusb/src/portable/raspberrypi/rp2040/dcd_rp2040.c.obj
                0x10005458                dcd_edpt_open
 .text.dcd_edpt_close_all
                0x10005550        0x4 CMakeFiles/Aetherion-v1.0.dir/C_/Users/denni/.pico-sdk/sdk/2.1.0/lib/tinyusb/src/portable/raspberrypi/rp2040/dcd_rp2040.c.obj
                0x10005550                dcd_edpt_close_all
 .text.dcd_edpt_xfer
                0x10005554       0x28 CMakeFiles/Aetherion-v1.0.dir/C_/Users/denni/.pico-sdk/sdk/2.1.0/lib/tinyusb/src/portable/raspberrypi/rp2040/dcd_rp2040.c.obj
                0x10005554                dcd_edpt_xfer
 .text.dcd_edpt_stall
                0x1000557c       0x2c CMakeFiles/Aetherion-v1.0.dir/C_/Users/denni/.pico-sdk/sdk/2.1.0/lib/tinyusb/src/portable/raspberrypi/rp2040/dcd_rp2040.c.obj
                0x1000557c                dcd_edpt_stall
 .text.dcd_edpt_clear_stall
                0x100055a8       0x2c CMakeFiles/Aetherion-v1.0.dir/C_/Users/denni/.pico-sdk/sdk/2.1.0/lib/tinyusb/src/portable/raspberrypi/rp2040/dcd_rp2040.c.obj
                0x100055a8                dcd_edpt_clear_stall
 .text.rp2040_usb_init
                0x100055d4       0x40 CMakeFiles/Aetherion-v1.0.dir/C_/Users/denni/.pico-sdk/sdk/2.1.0/lib/tinyusb/src/portable/raspberrypi/rp2040/rp2040_usb.c.obj
                0x100055d4                rp2040_usb_init
 .text.hw_endpoint_xfer_start
                0x10005614       0x40 CMakeFiles/Aetherion-v1.0.dir/C_/Users/denni/.pico-sdk/sdk/2.1.0/lib/tinyusb/src/portable/raspberrypi/rp2040/rp2040_usb.c.obj
                0x10005614                hw_endpoint_xfer_start
 .text.tud_vendor_control_xfer_cb
                0x10005654        0x4 CMakeFiles/Aetherion-v1.0.dir/C_/Users/denni/.pico-sdk/sdk/2.1.0/lib/tinyusb/src/device/usbd.c.obj
                0x10005654                tud_vendor_control_xfer_cb
 .text.configuration_reset
                0x10005658       0x8c CMakeFiles/Aetherion-v1.0.dir/C_/Users/denni/.pico-sdk/sdk/2.1.0/lib/tinyusb/src/device/usbd.c.obj
 .text.tud_event_hook_cb
                0x100056e4        0x4 CMakeFiles/Aetherion-v1.0.dir/C_/Users/denni/.pico-sdk/sdk/2.1.0/lib/tinyusb/src/device/usbd.c.obj
                0x100056e4                tud_event_hook_cb
 .text.tud_sof_cb
                0x100056e8        0x4 CMakeFiles/Aetherion-v1.0.dir/C_/Users/denni/.pico-sdk/sdk/2.1.0/lib/tinyusb/src/device/usbd.c.obj
                0x100056e8                tud_sof_cb
 .text.tud_descriptor_bos_cb
                0x100056ec        0x4 CMakeFiles/Aetherion-v1.0.dir/C_/Users/denni/.pico-sdk/sdk/2.1.0/lib/tinyusb/src/device/usbd.c.obj
                0x100056ec                tud_descriptor_bos_cb
 .text.tud_descriptor_device_qualifier_cb
                0x100056f0        0x4 CMakeFiles/Aetherion-v1.0.dir/C_/Users/denni/.pico-sdk/sdk/2.1.0/lib/tinyusb/src/device/usbd.c.obj
                0x100056f0                tud_descriptor_device_qualifier_cb
 .text.tud_descriptor_other_speed_configuration_cb
                0x100056f4        0x4 CMakeFiles/Aetherion-v1.0.dir/C_/Users/denni/.pico-sdk/sdk/2.1.0/lib/tinyusb/src/device/usbd.c.obj
                0x100056f4                tud_descriptor_other_speed_configuration_cb
 .text.tud_mount_cb
                0x100056f8        0x4 CMakeFiles/Aetherion-v1.0.dir/C_/Users/denni/.pico-sdk/sdk/2.1.0/lib/tinyusb/src/device/usbd.c.obj
                0x100056f8                tud_mount_cb
 .text.tud_umount_cb
                0x100056fc        0x4 CMakeFiles/Aetherion-v1.0.dir/C_/Users/denni/.pico-sdk/sdk/2.1.0/lib/tinyusb/src/device/usbd.c.obj
                0x100056fc                tud_umount_cb
 .text.tud_suspend_cb
                0x10005700        0x4 CMakeFiles/Aetherion-v1.0.dir/C_/Users/denni/.pico-sdk/sdk/2.1.0/lib/tinyusb/src/device/usbd.c.obj
                0x10005700                tud_suspend_cb
 .text.tud_resume_cb
                0x10005704        0x4 CMakeFiles/Aetherion-v1.0.dir/C_/Users/denni/.pico-sdk/sdk/2.1.0/lib/tinyusb/src/device/usbd.c.obj
                0x10005704                tud_resume_cb
 .text.tud_mounted
                0x10005708       0x10 CMakeFiles/Aetherion-v1.0.dir/C_/Users/denni/.pico-sdk/sdk/2.1.0/lib/tinyusb/src/device/usbd.c.obj
                0x10005708                tud_mounted
 .text.tud_suspended
                0x10005718       0x10 CMakeFiles/Aetherion-v1.0.dir/C_/Users/denni/.pico-sdk/sdk/2.1.0/lib/tinyusb/src/device/usbd.c.obj
                0x10005718                tud_suspended
 .text.tud_init
                0x10005728       0xe4 CMakeFiles/Aetherion-v1.0.dir/C_/Users/denni/.pico-sdk/sdk/2.1.0/lib/tinyusb/src/device/usbd.c.obj
                0x10005728                tud_init
 .text.tud_task_ext
                0x1000580c      0x760 CMakeFiles/Aetherion-v1.0.dir/C_/Users/denni/.pico-sdk/sdk/2.1.0/lib/tinyusb/src/device/usbd.c.obj
                0x1000580c                tud_task_ext
 .text.usbd_open_edpt_pair
                0x10005f6c       0x9c CMakeFiles/Aetherion-v1.0.dir/C_/Users/denni/.pico-sdk/sdk/2.1.0/lib/tinyusb/src/device/usbd.c.obj
                0x10005f6c                usbd_open_edpt_pair
 .text.usbd_edpt_open
                0x10006008       0x44 CMakeFiles/Aetherion-v1.0.dir/C_/Users/denni/.pico-sdk/sdk/2.1.0/lib/tinyusb/src/device/usbd.c.obj
                0x10006008                usbd_edpt_open
 .text.usbd_edpt_claim
                0x1000604c       0x24 CMakeFiles/Aetherion-v1.0.dir/C_/Users/denni/.pico-sdk/sdk/2.1.0/lib/tinyusb/src/device/usbd.c.obj
                0x1000604c                usbd_edpt_claim
 .text.usbd_edpt_release
                0x10006070       0x24 CMakeFiles/Aetherion-v1.0.dir/C_/Users/denni/.pico-sdk/sdk/2.1.0/lib/tinyusb/src/device/usbd.c.obj
                0x10006070                usbd_edpt_release
 .text.usbd_edpt_xfer
                0x10006094       0x70 CMakeFiles/Aetherion-v1.0.dir/C_/Users/denni/.pico-sdk/sdk/2.1.0/lib/tinyusb/src/device/usbd.c.obj
                0x10006094                usbd_edpt_xfer
 .text.tud_control_status
                0x10006104       0x34 CMakeFiles/Aetherion-v1.0.dir/C_/Users/denni/.pico-sdk/sdk/2.1.0/lib/tinyusb/src/device/usbd_control.c.obj
                0x10006104                tud_control_status
 .text.tud_control_xfer
                0x10006138       0xac CMakeFiles/Aetherion-v1.0.dir/C_/Users/denni/.pico-sdk/sdk/2.1.0/lib/tinyusb/src/device/usbd_control.c.obj
                0x10006138                tud_control_xfer
 .text.usbd_control_reset
                0x100061e4       0x14 CMakeFiles/Aetherion-v1.0.dir/C_/Users/denni/.pico-sdk/sdk/2.1.0/lib/tinyusb/src/device/usbd_control.c.obj
                0x100061e4                usbd_control_reset
 .text.usbd_control_set_complete_callback
                0x100061f8        0xc CMakeFiles/Aetherion-v1.0.dir/C_/Users/denni/.pico-sdk/sdk/2.1.0/lib/tinyusb/src/device/usbd_control.c.obj
                0x100061f8                usbd_control_set_complete_callback
 .text.usbd_control_set_request
                0x10006204       0x1c CMakeFiles/Aetherion-v1.0.dir/C_/Users/denni/.pico-sdk/sdk/2.1.0/lib/tinyusb/src/device/usbd_control.c.obj
                0x10006204                usbd_control_set_request
 .text.usbd_control_xfer_cb
                0x10006220       0xfc CMakeFiles/Aetherion-v1.0.dir/C_/Users/denni/.pico-sdk/sdk/2.1.0/lib/tinyusb/src/device/usbd_control.c.obj
                0x10006220                usbd_control_xfer_cb
 .text._prep_out_transaction.isra.0
                0x1000631c       0x60 CMakeFiles/Aetherion-v1.0.dir/C_/Users/denni/.pico-sdk/sdk/2.1.0/lib/tinyusb/src/class/cdc/cdc_device.c.obj
 .text.tud_cdc_n_available
                0x1000637c       0x18 CMakeFiles/Aetherion-v1.0.dir/C_/Users/denni/.pico-sdk/sdk/2.1.0/lib/tinyusb/src/class/cdc/cdc_device.c.obj
                0x1000637c                tud_cdc_n_available
 .text.tud_cdc_n_read
                0x10006394       0x94 CMakeFiles/Aetherion-v1.0.dir/C_/Users/denni/.pico-sdk/sdk/2.1.0/lib/tinyusb/src/class/cdc/cdc_device.c.obj
                0x10006394                tud_cdc_n_read
 .text.tud_cdc_n_write_flush
                0x10006428       0x90 CMakeFiles/Aetherion-v1.0.dir/C_/Users/denni/.pico-sdk/sdk/2.1.0/lib/tinyusb/src/class/cdc/cdc_device.c.obj
                0x10006428                tud_cdc_n_write_flush
 .text.tud_cdc_n_write
                0x100064b8       0x44 CMakeFiles/Aetherion-v1.0.dir/C_/Users/denni/.pico-sdk/sdk/2.1.0/lib/tinyusb/src/class/cdc/cdc_device.c.obj
                0x100064b8                tud_cdc_n_write
 .text.cdcd_init
                0x100064fc       0xa8 CMakeFiles/Aetherion-v1.0.dir/C_/Users/denni/.pico-sdk/sdk/2.1.0/lib/tinyusb/src/class/cdc/cdc_device.c.obj
                0x100064fc                cdcd_init
 .text.cdcd_deinit
                0x100065a4       0x80 CMakeFiles/Aetherion-v1.0.dir/C_/Users/denni/.pico-sdk/sdk/2.1.0/lib/tinyusb/src/class/cdc/cdc_device.c.obj
                0x100065a4                cdcd_deinit
 .text.cdcd_reset
                0x10006624       0x70 CMakeFiles/Aetherion-v1.0.dir/C_/Users/denni/.pico-sdk/sdk/2.1.0/lib/tinyusb/src/class/cdc/cdc_device.c.obj
                0x10006624                cdcd_reset
 .text.cdcd_open
                0x10006694      0x108 CMakeFiles/Aetherion-v1.0.dir/C_/Users/denni/.pico-sdk/sdk/2.1.0/lib/tinyusb/src/class/cdc/cdc_device.c.obj
                0x10006694                cdcd_open
 .text.cdcd_control_xfer_cb
                0x1000679c      0x104 CMakeFiles/Aetherion-v1.0.dir/C_/Users/denni/.pico-sdk/sdk/2.1.0/lib/tinyusb/src/class/cdc/cdc_device.c.obj
                0x1000679c                cdcd_control_xfer_cb
 .text.cdcd_xfer_cb
                0x100068a0      0x1c8 CMakeFiles/Aetherion-v1.0.dir/C_/Users/denni/.pico-sdk/sdk/2.1.0/lib/tinyusb/src/class/cdc/cdc_device.c.obj
                0x100068a0                cdcd_xfer_cb
 .text.tusb_init
                0x10006a68       0x1c CMakeFiles/Aetherion-v1.0.dir/C_/Users/denni/.pico-sdk/sdk/2.1.0/lib/tinyusb/src/tusb.c.obj
                0x10006a68                tusb_init
 .text.tu_edpt_claim
                0x10006a84       0x54 CMakeFiles/Aetherion-v1.0.dir/C_/Users/denni/.pico-sdk/sdk/2.1.0/lib/tinyusb/src/tusb.c.obj
                0x10006a84                tu_edpt_claim
 .text.tu_edpt_release
                0x10006ad8       0x38 CMakeFiles/Aetherion-v1.0.dir/C_/Users/denni/.pico-sdk/sdk/2.1.0/lib/tinyusb/src/tusb.c.obj
                0x10006ad8                tu_edpt_release
 .text.tu_edpt_validate
                0x10006b10       0x64 CMakeFiles/Aetherion-v1.0.dir/C_/Users/denni/.pico-sdk/sdk/2.1.0/lib/tinyusb/src/tusb.c.obj
                0x10006b10                tu_edpt_validate
 .text.tu_edpt_bind_driver
                0x10006b74       0x58 CMakeFiles/Aetherion-v1.0.dir/C_/Users/denni/.pico-sdk/sdk/2.1.0/lib/tinyusb/src/tusb.c.obj
                0x10006b74                tu_edpt_bind_driver
 .text.tu_fifo_config
                0x10006bcc       0x60 CMakeFiles/Aetherion-v1.0.dir/C_/Users/denni/.pico-sdk/sdk/2.1.0/lib/tinyusb/src/common/tusb_fifo.c.obj
                0x10006bcc                tu_fifo_config
 .text.tu_fifo_count
                0x10006c2c       0x20 CMakeFiles/Aetherion-v1.0.dir/C_/Users/denni/.pico-sdk/sdk/2.1.0/lib/tinyusb/src/common/tusb_fifo.c.obj
                0x10006c2c                tu_fifo_count
 .text.tu_fifo_empty
                0x10006c4c       0x14 CMakeFiles/Aetherion-v1.0.dir/C_/Users/denni/.pico-sdk/sdk/2.1.0/lib/tinyusb/src/common/tusb_fifo.c.obj
                0x10006c4c                tu_fifo_empty
 .text.tu_fifo_remaining
                0x10006c60       0x24 CMakeFiles/Aetherion-v1.0.dir/C_/Users/denni/.pico-sdk/sdk/2.1.0/lib/tinyusb/src/common/tusb_fifo.c.obj
                0x10006c60                tu_fifo_remaining
 .text.tu_fifo_read
                0x10006c84       0x94 CMakeFiles/Aetherion-v1.0.dir/C_/Users/denni/.pico-sdk/sdk/2.1.0/lib/tinyusb/src/common/tusb_fifo.c.obj
                0x10006c84                tu_fifo_read
 .text.tu_fifo_read_n
                0x10006d18       0xd8 CMakeFiles/Aetherion-v1.0.dir/C_/Users/denni/.pico-sdk/sdk/2.1.0/lib/tinyusb/src/common/tusb_fifo.c.obj
                0x10006d18                tu_fifo_read_n
 .text.tu_fifo_write
                0x10006df0       0xa0 CMakeFiles/Aetherion-v1.0.dir/C_/Users/denni/.pico-sdk/sdk/2.1.0/lib/tinyusb/src/common/tusb_fifo.c.obj
                0x10006df0                tu_fifo_write
 .text.tu_fifo_write_n
                0x10006e90      0x158 CMakeFiles/Aetherion-v1.0.dir/C_/Users/denni/.pico-sdk/sdk/2.1.0/lib/tinyusb/src/common/tusb_fifo.c.obj
                0x10006e90                tu_fifo_write_n
 .text.tu_fifo_clear
                0x10006fe8       0x38 CMakeFiles/Aetherion-v1.0.dir/C_/Users/denni/.pico-sdk/sdk/2.1.0/lib/tinyusb/src/common/tusb_fifo.c.obj
                0x10006fe8                tu_fifo_clear
 .text.tu_fifo_set_overwritable
                0x10007020       0x3c CMakeFiles/Aetherion-v1.0.dir/C_/Users/denni/.pico-sdk/sdk/2.1.0/lib/tinyusb/src/common/tusb_fifo.c.obj
                0x10007020                tu_fifo_set_overwritable
 .text.startup._retrieve_unique_id_on_boot
                0x1000705c       0x30 CMakeFiles/Aetherion-v1.0.dir/C_/Users/denni/.pico-sdk/sdk/2.1.0/src/rp2_common/pico_unique_id/unique_id.c.obj
 .text.pico_get_unique_board_id_string
                0x1000708c      0x184 CMakeFiles/Aetherion-v1.0.dir/C_/Users/denni/.pico-sdk/sdk/2.1.0/src/rp2_common/pico_unique_id/unique_id.c.obj
                0x1000708c                pico_get_unique_board_id_string
 .text.malloc   0x10007210       0x10 C:/Users/denni/.pico-sdk/toolchain/13_3_Rel1/bin/../lib/gcc/arm-none-eabi/13.3.1/thumb/v8-m.main+fp/softfp\libg.a(libc_a-malloc.o)
                0x10007210                malloc
 .text._malloc_r
                0x10007220      0x554 C:/Users/denni/.pico-sdk/toolchain/13_3_Rel1/bin/../lib/gcc/arm-none-eabi/13.3.1/thumb/v8-m.main+fp/softfp\libg.a(libc_a-mallocr.o)
                0x10007220                _malloc_r
 .text.__malloc_lock
                0x10007774        0xc C:/Users/denni/.pico-sdk/toolchain/13_3_Rel1/bin/../lib/gcc/arm-none-eabi/13.3.1/thumb/v8-m.main+fp/softfp\libg.a(libc_a-mlock.o)
                0x10007774                __malloc_lock
 .text.__malloc_unlock
                0x10007780        0xc C:/Users/denni/.pico-sdk/toolchain/13_3_Rel1/bin/../lib/gcc/arm-none-eabi/13.3.1/thumb/v8-m.main+fp/softfp\libg.a(libc_a-mlock.o)
                0x10007780                __malloc_unlock
 .text.memset   0x1000778c       0xa4 C:/Users/denni/.pico-sdk/toolchain/13_3_Rel1/bin/../lib/gcc/arm-none-eabi/13.3.1/thumb/v8-m.main+fp/softfp\libg.a(libc_a-memset.o)
                0x1000778c                memset
 .text._sbrk_r  0x10007830       0x24 C:/Users/denni/.pico-sdk/toolchain/13_3_Rel1/bin/../lib/gcc/arm-none-eabi/13.3.1/thumb/v8-m.main+fp/softfp\libg.a(libc_a-sbrkr.o)
                0x10007830                _sbrk_r
 .text.__errno  0x10007854        0xc C:/Users/denni/.pico-sdk/toolchain/13_3_Rel1/bin/../lib/gcc/arm-none-eabi/13.3.1/thumb/v8-m.main+fp/softfp\libg.a(libc_a-errno.o)
                0x10007854                __errno
 .text.__retarget_lock_acquire_recursive
                0x10007860        0x4 C:/Users/denni/.pico-sdk/toolchain/13_3_Rel1/bin/../lib/gcc/arm-none-eabi/13.3.1/thumb/v8-m.main+fp/softfp\libg.a(libc_a-lock.o)
                0x10007860                __retarget_lock_acquire_recursive
 .text.__retarget_lock_release_recursive
                0x10007864        0x4 C:/Users/denni/.pico-sdk/toolchain/13_3_Rel1/bin/../lib/gcc/arm-none-eabi/13.3.1/thumb/v8-m.main+fp/softfp\libg.a(libc_a-lock.o)
                0x10007864                __retarget_lock_release_recursive
 .text.sysconf  0x10007868       0x1c C:/Users/denni/.pico-sdk/toolchain/13_3_Rel1/bin/../lib/gcc/arm-none-eabi/13.3.1/thumb/v8-m.main+fp/softfp\libg.a(libc_a-sysconf.o)
                0x10007868                sysconf
 .text          0x10007884       0xec C:/Users/denni/.pico-sdk/toolchain/13_3_Rel1/bin/../lib/gcc/arm-none-eabi/13.3.1/thumb/v8-m.main+fp/softfp\libg.a(libc_a-memcpy.o)
                0x10007884                memcpy
 .text.strlen   0x10007970       0x5c C:/Users/denni/.pico-sdk/toolchain/13_3_Rel1/bin/../lib/gcc/arm-none-eabi/13.3.1/thumb/v8-m.main+fp/softfp\libg.a(libc_a-strlen-stub.o)
                0x10007970                strlen
 .text._malloc_trim_r
                0x100079cc       0xb8 C:/Users/denni/.pico-sdk/toolchain/13_3_Rel1/bin/../lib/gcc/arm-none-eabi/13.3.1/thumb/v8-m.main+fp/softfp\libg.a(libc_a-freer.o)
                0x100079cc                _malloc_trim_r
 .text._free_r  0x10007a84      0x1f8 C:/Users/denni/.pico-sdk/toolchain/13_3_Rel1/bin/../lib/gcc/arm-none-eabi/13.3.1/thumb/v8-m.main+fp/softfp\libg.a(libc_a-freer.o)
                0x10007a84                _free_r
 *(.fini)
 .fini          0x10007c7c        0x4 C:/Users/denni/.pico-sdk/toolchain/13_3_Rel1/bin/../lib/gcc/arm-none-eabi/13.3.1/thumb/v8-m.main+fp/softfp/crti.o
                0x10007c7c                _fini
 .fini.__stub   0x10007c80       0x68 linker stubs
 *crtbegin.o(.ctors)
 *crtbegin?.o(.ctors)
 *(EXCLUDE_FILE(*crtend.o *crtend?.o) .ctors)
 *(SORT_BY_NAME(.ctors.*))
 *(.ctors)
 *crtbegin.o(.dtors)
 *crtbegin?.o(.dtors)
 *(EXCLUDE_FILE(*crtend.o *crtend?.o) .dtors)
 *(SORT_BY_NAME(.dtors.*))
 *(.dtors)
                0x10007ce8                        . = ALIGN (0x4)
                0x10007ce8                        PROVIDE (__preinit_array_start = .)
 *(SORT_BY_NAME(.preinit_array.*))
 .preinit_array.00050
                0x10007ce8        0x4 CMakeFiles/Aetherion-v1.0.dir/C_/Users/denni/.pico-sdk/sdk/2.1.0/src/rp2_common/pico_runtime_init/runtime_init.c.obj
                0x10007ce8                __pre_init_runtime_init_bootrom_reset
 .preinit_array.00100
                0x10007cec        0x4 CMakeFiles/Aetherion-v1.0.dir/C_/Users/denni/.pico-sdk/sdk/2.1.0/src/rp2_common/pico_runtime_init/runtime_init.c.obj
                0x10007cec                __pre_init_runtime_init_early_resets
 .preinit_array.00101
                0x10007cf0        0x4 CMakeFiles/Aetherion-v1.0.dir/C_/Users/denni/.pico-sdk/sdk/2.1.0/src/rp2_common/pico_runtime_init/runtime_init.c.obj
                0x10007cf0                __pre_init_runtime_init_usb_power_down
 .preinit_array.00500
                0x10007cf4        0x4 CMakeFiles/Aetherion-v1.0.dir/C_/Users/denni/.pico-sdk/sdk/2.1.0/src/rp2_common/pico_runtime_init/runtime_init.c.obj
                0x10007cf4                __pre_init_runtime_init_clocks
 .preinit_array.00600
                0x10007cf8        0x4 CMakeFiles/Aetherion-v1.0.dir/C_/Users/denni/.pico-sdk/sdk/2.1.0/src/rp2_common/pico_runtime_init/runtime_init.c.obj
                0x10007cf8                __pre_init_runtime_init_post_clock_resets
 .preinit_array.01000
                0x10007cfc        0x4 CMakeFiles/Aetherion-v1.0.dir/C_/Users/denni/.pico-sdk/sdk/2.1.0/src/rp2_common/hardware_boot_lock/boot_lock.c.obj
                0x10007cfc                __pre_init_runtime_init_boot_locks_reset
 .preinit_array.01000
                0x10007d00        0x4 CMakeFiles/Aetherion-v1.0.dir/C_/Users/denni/.pico-sdk/sdk/2.1.0/src/rp2_common/pico_runtime_init/runtime_init.c.obj
                0x10007d00                __pre_init_runtime_init_spin_locks_reset
 .preinit_array.01010
                0x10007d04        0x4 CMakeFiles/Aetherion-v1.0.dir/C_/Users/denni/.pico-sdk/sdk/2.1.0/src/rp2_common/pico_bootrom/bootrom_lock.c.obj
                0x10007d04                __pre_init_runtime_init_bootrom_locking_enable
 .preinit_array.01100
                0x10007d08        0x4 CMakeFiles/Aetherion-v1.0.dir/C_/Users/denni/.pico-sdk/sdk/2.1.0/src/common/pico_sync/mutex.c.obj
                0x10007d08                __pre_init_runtime_init_mutex
 .preinit_array.10080
                0x10007d0c        0x4 CMakeFiles/Aetherion-v1.0.dir/C_/Users/denni/.pico-sdk/sdk/2.1.0/src/rp2_common/pico_runtime_init/runtime_init.c.obj
                0x10007d0c                __pre_init_runtime_init_install_ram_vector_table
 .preinit_array.11000
                0x10007d10        0x4 CMakeFiles/Aetherion-v1.0.dir/C_/Users/denni/.pico-sdk/sdk/2.1.0/src/common/pico_time/time.c.obj
                0x10007d10                __pre_init_runtime_init_default_alarm_pool
 .preinit_array.YYYYY
                0x10007d14        0x4 CMakeFiles/Aetherion-v1.0.dir/C_/Users/denni/.pico-sdk/sdk/2.1.0/src/rp2_common/pico_runtime/runtime.c.obj
                0x10007d14                __pre_init_first_per_core_initializer
 .preinit_array.ZZZZZ.00051
                0x10007d18        0x4 CMakeFiles/Aetherion-v1.0.dir/C_/Users/denni/.pico-sdk/sdk/2.1.0/src/rp2_common/pico_runtime_init/runtime_init.c.obj
                0x10007d18                __pre_init_runtime_init_per_core_bootrom_reset
 .preinit_array.ZZZZZ.00200
                0x10007d1c        0x4 CMakeFiles/Aetherion-v1.0.dir/C_/Users/denni/.pico-sdk/sdk/2.1.0/src/rp2_common/pico_runtime_init/runtime_init.c.obj
                0x10007d1c                __pre_init_runtime_init_per_core_enable_coprocessors
 .preinit_array.ZZZZZ.01000
                0x10007d20        0x4 CMakeFiles/Aetherion-v1.0.dir/C_/Users/denni/.pico-sdk/sdk/2.1.0/src/rp2_common/hardware_sync_spin_lock/sync_spin_lock.c.obj
                0x10007d20                __pre_init_spinlock_set_extexclall
 .preinit_array.ZZZZZ.01200
                0x10007d24        0x4 CMakeFiles/Aetherion-v1.0.dir/C_/Users/denni/.pico-sdk/sdk/2.1.0/src/rp2_common/hardware_irq/irq.c.obj
                0x10007d24                __pre_init_runtime_init_per_core_irq_priorities
 *(.preinit_array)
                0x10007d28                        PROVIDE (__preinit_array_end = .)
                0x10007d28                        . = ALIGN (0x4)
                0x10007d28                        PROVIDE (__init_array_start = .)
 *(SORT_BY_NAME(.init_array.*))
 *(.init_array)
 .init_array    0x10007d28        0x4 C:/Users/denni/.pico-sdk/toolchain/13_3_Rel1/bin/../lib/gcc/arm-none-eabi/13.3.1/thumb/v8-m.main+fp/softfp/crtbegin.o
 .init_array    0x10007d2c        0x4 CMakeFiles/Aetherion-v1.0.dir/C_/Users/denni/.pico-sdk/sdk/2.1.0/src/rp2_common/pico_unique_id/unique_id.c.obj
                0x10007d30                        PROVIDE (__init_array_end = .)
                0x10007d30                        . = ALIGN (0x4)
                [!provide]                        PROVIDE (__fini_array_start = .)
 *(SORT_BY_NAME(.fini_array.*))
 *(.fini_array)
                [!provide]                        PROVIDE (__fini_array_end = .)
 *(.eh_frame*)
 .eh_frame      0x10007d30        0x0 C:/Users/denni/.pico-sdk/toolchain/13_3_Rel1/bin/../lib/gcc/arm-none-eabi/13.3.1/thumb/v8-m.main+fp/softfp/crtbegin.o
                0x10007d30                        . = ALIGN (0x4)

.glue_7         0x10007d30        0x0
 .glue_7        0x10007d30        0x0 linker stubs

.glue_7t        0x10007d30        0x0
 .glue_7t       0x10007d30        0x0 linker stubs

.vfp11_veneer   0x10007d30        0x0
 .vfp11_veneer  0x10007d30        0x0 linker stubs

.v4_bx          0x10007d30        0x0
 .v4_bx         0x10007d30        0x0 linker stubs

.iplt           0x10007d30        0x0
 .iplt          0x10007d30        0x0 C:/Users/denni/.pico-sdk/toolchain/13_3_Rel1/bin/../lib/gcc/arm-none-eabi/13.3.1/thumb/v8-m.main+fp/softfp/crtbegin.o

.boot2          0x10007d30        0x0
                0x10007d30                        __boot2_start__ = .
 *(.boot2)
                0x10007d30                        __boot2_end__ = .
                0x00000001                        ASSERT (((__boot2_end__ - __boot2_start__) <= 0x100), ERROR: Pico second stage bootloader must be no more than 256 bytes in size)

.rodata         0x10007d30      0x5e0
 *(EXCLUDE_FILE(*libm.a: *libc.a:*lib_a-mem*.o *libgcc.a:) .rodata*)
 .rodata.over_clock.str1.4
                0x10007d30      0x250 CMakeFiles/Aetherion-v1.0.dir/main.c.obj
                                 0x32 (size before relaxing)
 .rodata.str1.4
                0x10007f80       0x4d CMakeFiles/Aetherion-v1.0.dir/src/descriptors.c.obj
 .rodata.usbd_desc_str
                0x10007f80       0x1c CMakeFiles/Aetherion-v1.0.dir/src/descriptors.c.obj
 .rodata.usbd_desc_cfg
                0x10007f9c       0xcf CMakeFiles/Aetherion-v1.0.dir/src/descriptors.c.obj
 *fill*         0x1000806b        0x1 
 .rodata.usbd_desc_device
                0x1000806c       0x12 CMakeFiles/Aetherion-v1.0.dir/src/descriptors.c.obj
 *fill*         0x1000807e        0x2 
 .rodata.injection_program
                0x10008080        0x8 CMakeFiles/Aetherion-v1.0.dir/src/injection.c.obj
 .rodata.injection_program_instructions
                0x10008088       0x14 CMakeFiles/Aetherion-v1.0.dir/src/injection.c.obj
 .rodata.unknown_command.str1.4
                0x1000809c       0x66 CMakeFiles/Aetherion-v1.0.dir/src/ostrich.c.obj
 .rodata.execute_command.str1.4
                0x1000809c        0xa CMakeFiles/Aetherion-v1.0.dir/src/ostrich.c.obj
 .rodata        0x1000809c       0x8c CMakeFiles/Aetherion-v1.0.dir/src/ostrich.c.obj
 .rodata.eyecatcher.0
                0x10008128      0x100 CMakeFiles/Aetherion-v1.0.dir/src/developer_reset.c.obj
 .rodata.print.str1.4
                0x10008228       0x2f CMakeFiles/Aetherion-v1.0.dir/src/developer_tools.c.obj
 .rodata.panic.str1.4
                0x10008228       0x12 CMakeFiles/Aetherion-v1.0.dir/C_/Users/denni/.pico-sdk/sdk/2.1.0/src/rp2_common/pico_platform_panic/panic.c.obj
 .rodata.spin_lock_claim_unused.str1.4
                0x10008228       0x1b CMakeFiles/Aetherion-v1.0.dir/C_/Users/denni/.pico-sdk/sdk/2.1.0/src/rp2_common/hardware_sync/sync.c.obj
 .rodata.at_the_end_of_time
                0x10008228        0x8 CMakeFiles/Aetherion-v1.0.dir/C_/Users/denni/.pico-sdk/sdk/2.1.0/src/common/pico_time/time.c.obj
                0x10008228                at_the_end_of_time
 .rodata.timer_hardware_alarm_claim.str1.4
                0x10008230       0x22 CMakeFiles/Aetherion-v1.0.dir/C_/Users/denni/.pico-sdk/sdk/2.1.0/src/rp2_common/hardware_timer/timer.c.obj
 .rodata.hard_assertion_failure.str1.4
                0x10008230        0xc CMakeFiles/Aetherion-v1.0.dir/C_/Users/denni/.pico-sdk/sdk/2.1.0/src/rp2_common/pico_runtime/runtime.c.obj
 .rodata.__wrap_malloc.str1.4
                0x10008230        0xe CMakeFiles/Aetherion-v1.0.dir/C_/Users/denni/.pico-sdk/sdk/2.1.0/src/rp2_common/pico_malloc/malloc.c.obj
 .rodata.str1.4
                0x10008230       0x44 CMakeFiles/Aetherion-v1.0.dir/C_/Users/denni/.pico-sdk/sdk/2.1.0/src/rp2_common/pico_standard_binary_info/standard_binary_info.c.obj
 .rodata.__bi_84
                0x10008230        0xc CMakeFiles/Aetherion-v1.0.dir/C_/Users/denni/.pico-sdk/sdk/2.1.0/src/rp2_common/pico_standard_binary_info/standard_binary_info.c.obj
 .rodata.__bi_78
                0x1000823c        0xc CMakeFiles/Aetherion-v1.0.dir/C_/Users/denni/.pico-sdk/sdk/2.1.0/src/rp2_common/pico_standard_binary_info/standard_binary_info.c.obj
 .rodata.__bi_54
                0x10008248        0xc CMakeFiles/Aetherion-v1.0.dir/C_/Users/denni/.pico-sdk/sdk/2.1.0/src/rp2_common/pico_standard_binary_info/standard_binary_info.c.obj
 .rodata.__bi_48
                0x10008254        0xc CMakeFiles/Aetherion-v1.0.dir/C_/Users/denni/.pico-sdk/sdk/2.1.0/src/rp2_common/pico_standard_binary_info/standard_binary_info.c.obj
 .rodata.__bi_42
                0x10008260        0xc CMakeFiles/Aetherion-v1.0.dir/C_/Users/denni/.pico-sdk/sdk/2.1.0/src/rp2_common/pico_standard_binary_info/standard_binary_info.c.obj
 .rodata.__bi_34
                0x1000826c        0xc CMakeFiles/Aetherion-v1.0.dir/C_/Users/denni/.pico-sdk/sdk/2.1.0/src/rp2_common/pico_standard_binary_info/standard_binary_info.c.obj
 .rodata.__bi_26
                0x10008278        0xc CMakeFiles/Aetherion-v1.0.dir/C_/Users/denni/.pico-sdk/sdk/2.1.0/src/rp2_common/pico_standard_binary_info/standard_binary_info.c.obj
 .rodata._ftoa.str1.4
                0x10008284       0x15 CMakeFiles/Aetherion-v1.0.dir/C_/Users/denni/.pico-sdk/sdk/2.1.0/src/rp2_common/pico_printf/printf.c.obj
 *fill*         0x10008284        0x4 
 .rodata.pow10.0
                0x10008288       0x50 CMakeFiles/Aetherion-v1.0.dir/C_/Users/denni/.pico-sdk/sdk/2.1.0/src/rp2_common/pico_printf/printf.c.obj
 .rodata.crlf_str.0
                0x100082d8        0x2 CMakeFiles/Aetherion-v1.0.dir/C_/Users/denni/.pico-sdk/sdk/2.1.0/src/rp2_common/pico_stdio/stdio.c.obj
 .rodata.str1.4
                0x100082da       0x14 CMakeFiles/Aetherion-v1.0.dir/C_/Users/denni/.pico-sdk/sdk/2.1.0/lib/tinyusb/src/portable/raspberrypi/rp2040/dcd_rp2040.c.obj
 .rodata.str1.4
                0x100082da       0x48 CMakeFiles/Aetherion-v1.0.dir/C_/Users/denni/.pico-sdk/sdk/2.1.0/lib/tinyusb/src/portable/raspberrypi/rp2040/rp2040_usb.c.obj
 *fill*         0x100082da        0x2 
 .rodata._usbd_driver
                0x100082dc       0x20 CMakeFiles/Aetherion-v1.0.dir/C_/Users/denni/.pico-sdk/sdk/2.1.0/lib/tinyusb/src/device/usbd.c.obj
 .rodata.str1.4
                0x100082fc        0x4 CMakeFiles/Aetherion-v1.0.dir/C_/Users/denni/.pico-sdk/sdk/2.1.0/lib/tinyusb/hw/bsp/rp2040/family.c.obj
 .rodata.__bi_147.0
                0x100082fc        0xc CMakeFiles/Aetherion-v1.0.dir/C_/Users/denni/.pico-sdk/sdk/2.1.0/lib/tinyusb/hw/bsp/rp2040/family.c.obj
 .rodata.__bi_157.1
                0x10008308        0x8 CMakeFiles/Aetherion-v1.0.dir/C_/Users/denni/.pico-sdk/sdk/2.1.0/lib/tinyusb/hw/bsp/rp2040/family.c.obj
 *(.srodata*)
                0x10008310                        . = ALIGN (0x4)
 *(SORT_BY_ALIGNMENT(SORT_BY_NAME(.flashdata*)))
                0x10008310                        . = ALIGN (0x4)

.ARM.extab
 *(.ARM.extab* .gnu.linkonce.armextab.*)
                0x10008310                        __exidx_start = .

.ARM.exidx      0x10008310        0x8
 *(.ARM.exidx* .gnu.linkonce.armexidx.*)
 .ARM.exidx     0x10008310        0x8 C:/Users/denni/.pico-sdk/toolchain/13_3_Rel1/bin/../lib/gcc/arm-none-eabi/13.3.1/thumb/v8-m.main+fp/softfp\libg.a(libc_a-memcpy.o)
 .ARM.exidx.text.__udivmoddi4
                0x10008318        0x0 C:/Users/denni/.pico-sdk/toolchain/13_3_Rel1/bin/../lib/gcc/arm-none-eabi/13.3.1/thumb/v8-m.main+fp/softfp\libgcc.a(_udivmoddi4.o)
                                  0x8 (size before relaxing)
                0x10008318                        __exidx_end = .
                0x10008318                        . = ALIGN (0x4)
                0x10008318                        __binary_info_start = .

.binary_info    0x10008318       0x24
 *(.binary_info.keep.*)
 .binary_info.keep.__bi_ptr84
                0x10008318        0x4 CMakeFiles/Aetherion-v1.0.dir/C_/Users/denni/.pico-sdk/sdk/2.1.0/src/rp2_common/pico_standard_binary_info/standard_binary_info.c.obj
 .binary_info.keep.__bi_ptr78
                0x1000831c        0x4 CMakeFiles/Aetherion-v1.0.dir/C_/Users/denni/.pico-sdk/sdk/2.1.0/src/rp2_common/pico_standard_binary_info/standard_binary_info.c.obj
 .binary_info.keep.__bi_ptr54
                0x10008320        0x4 CMakeFiles/Aetherion-v1.0.dir/C_/Users/denni/.pico-sdk/sdk/2.1.0/src/rp2_common/pico_standard_binary_info/standard_binary_info.c.obj
 .binary_info.keep.__bi_ptr48
                0x10008324        0x4 CMakeFiles/Aetherion-v1.0.dir/C_/Users/denni/.pico-sdk/sdk/2.1.0/src/rp2_common/pico_standard_binary_info/standard_binary_info.c.obj
 .binary_info.keep.__bi_ptr42
                0x10008328        0x4 CMakeFiles/Aetherion-v1.0.dir/C_/Users/denni/.pico-sdk/sdk/2.1.0/src/rp2_common/pico_standard_binary_info/standard_binary_info.c.obj
 .binary_info.keep.__bi_ptr34
                0x1000832c        0x4 CMakeFiles/Aetherion-v1.0.dir/C_/Users/denni/.pico-sdk/sdk/2.1.0/src/rp2_common/pico_standard_binary_info/standard_binary_info.c.obj
 .binary_info.keep.__bi_ptr26
                0x10008330        0x4 CMakeFiles/Aetherion-v1.0.dir/C_/Users/denni/.pico-sdk/sdk/2.1.0/src/rp2_common/pico_standard_binary_info/standard_binary_info.c.obj
 .binary_info.keep.__bi_ptr157
                0x10008334        0x4 CMakeFiles/Aetherion-v1.0.dir/C_/Users/denni/.pico-sdk/sdk/2.1.0/lib/tinyusb/hw/bsp/rp2040/family.c.obj
 .binary_info.keep.__bi_ptr147
                0x10008338        0x4 CMakeFiles/Aetherion-v1.0.dir/C_/Users/denni/.pico-sdk/sdk/2.1.0/lib/tinyusb/hw/bsp/rp2040/family.c.obj
 *(.binary_info.*)
                0x1000833c                        __binary_info_end = .
                0x1000833c                        . = ALIGN (0x4)

.ram_vector_table
                0x20000000      0x110
 *(.ram_vector_table)
 .ram_vector_table
                0x20000000      0x110 CMakeFiles/Aetherion-v1.0.dir/C_/Users/denni/.pico-sdk/sdk/2.1.0/src/rp2_common/pico_runtime_init/runtime_init.c.obj
                0x20000000                ram_vector_table

.uninitialized_data
                0x20000110        0x0
                0x20000110                        . = ALIGN (0x4)
 *(.uninitialized_data*)

.data           0x20000110     0x1ab8 load address 0x1000833c
                0x20000110                        __data_start__ = .
 *(vtable)
 *(.time_critical*)
 .time_critical.save_to_flash
                0x20000110       0x4c CMakeFiles/Aetherion-v1.0.dir/src/flash_memory.c.obj
                0x20000110                save_to_flash
 .time_critical.set_reset
                0x2000015c       0x3c CMakeFiles/Aetherion-v1.0.dir/src/developer_reset.c.obj
                0x2000015c                set_reset
 .time_critical.set_clean
                0x20000198       0x8c CMakeFiles/Aetherion-v1.0.dir/src/developer_reset.c.obj
                0x20000198                set_clean
 .time_critical.mutex_enter_blocking
                0x20000224       0x80 CMakeFiles/Aetherion-v1.0.dir/C_/Users/denni/.pico-sdk/sdk/2.1.0/src/common/pico_sync/mutex.c.obj
                0x20000224                mutex_enter_blocking
 .time_critical.mutex_try_enter
                0x200002a4       0x50 CMakeFiles/Aetherion-v1.0.dir/C_/Users/denni/.pico-sdk/sdk/2.1.0/src/common/pico_sync/mutex.c.obj
                0x200002a4                mutex_try_enter
 .time_critical.mutex_enter_block_until
                0x200002f4       0x70 CMakeFiles/Aetherion-v1.0.dir/C_/Users/denni/.pico-sdk/sdk/2.1.0/src/common/pico_sync/mutex.c.obj
                0x200002f4                mutex_enter_block_until
 .time_critical.mutex_try_enter_block_until
                0x20000364       0x6c CMakeFiles/Aetherion-v1.0.dir/C_/Users/denni/.pico-sdk/sdk/2.1.0/src/common/pico_sync/mutex.c.obj
                0x20000364                mutex_try_enter_block_until
 .time_critical.mutex_enter_timeout_ms
                0x200003d0       0x38 CMakeFiles/Aetherion-v1.0.dir/C_/Users/denni/.pico-sdk/sdk/2.1.0/src/common/pico_sync/mutex.c.obj
                0x200003d0                mutex_enter_timeout_ms
 .time_critical.mutex_exit
                0x20000408       0x3c CMakeFiles/Aetherion-v1.0.dir/C_/Users/denni/.pico-sdk/sdk/2.1.0/src/common/pico_sync/mutex.c.obj
                0x20000408                mutex_exit
 .time_critical.multicore_lockout_handler
                0x20000444       0x78 CMakeFiles/Aetherion-v1.0.dir/C_/Users/denni/.pico-sdk/sdk/2.1.0/src/rp2_common/pico_multicore/multicore.c.obj
 .time_critical.reset_non_control_endpoints
                0x200004bc       0x64 CMakeFiles/Aetherion-v1.0.dir/C_/Users/denni/.pico-sdk/sdk/2.1.0/lib/tinyusb/src/portable/raspberrypi/rp2040/dcd_rp2040.c.obj
 .time_critical.hw_handle_buff_status
                0x20000520       0x98 CMakeFiles/Aetherion-v1.0.dir/C_/Users/denni/.pico-sdk/sdk/2.1.0/lib/tinyusb/src/portable/raspberrypi/rp2040/dcd_rp2040.c.obj
 .time_critical.dcd_rp2040_irq
                0x200005b8      0x540 CMakeFiles/Aetherion-v1.0.dir/C_/Users/denni/.pico-sdk/sdk/2.1.0/lib/tinyusb/src/portable/raspberrypi/rp2040/dcd_rp2040.c.obj
 .time_critical.prepare_ep_buffer
                0x20000af8       0xd0 CMakeFiles/Aetherion-v1.0.dir/C_/Users/denni/.pico-sdk/sdk/2.1.0/lib/tinyusb/src/portable/raspberrypi/rp2040/rp2040_usb.c.obj
 .time_critical.sync_ep_buffer
                0x20000bc8       0xb8 CMakeFiles/Aetherion-v1.0.dir/C_/Users/denni/.pico-sdk/sdk/2.1.0/lib/tinyusb/src/portable/raspberrypi/rp2040/rp2040_usb.c.obj
 .time_critical._hw_endpoint_xfer_sync
                0x20000c80       0x2c CMakeFiles/Aetherion-v1.0.dir/C_/Users/denni/.pico-sdk/sdk/2.1.0/lib/tinyusb/src/portable/raspberrypi/rp2040/rp2040_usb.c.obj
 .time_critical.e15_is_bulkin_ep
                0x20000cac       0x28 CMakeFiles/Aetherion-v1.0.dir/C_/Users/denni/.pico-sdk/sdk/2.1.0/lib/tinyusb/src/portable/raspberrypi/rp2040/rp2040_usb.c.obj
 .time_critical.e15_is_critical_frame_period
                0x20000cd4       0x28 CMakeFiles/Aetherion-v1.0.dir/C_/Users/denni/.pico-sdk/sdk/2.1.0/lib/tinyusb/src/portable/raspberrypi/rp2040/rp2040_usb.c.obj
 .time_critical.hw_endpoint_reset_transfer
                0x20000cfc        0xc CMakeFiles/Aetherion-v1.0.dir/C_/Users/denni/.pico-sdk/sdk/2.1.0/lib/tinyusb/src/portable/raspberrypi/rp2040/rp2040_usb.c.obj
                0x20000cfc                hw_endpoint_reset_transfer
 .time_critical._hw_endpoint_buffer_control_update32
                0x20000d08       0x44 CMakeFiles/Aetherion-v1.0.dir/C_/Users/denni/.pico-sdk/sdk/2.1.0/lib/tinyusb/src/portable/raspberrypi/rp2040/rp2040_usb.c.obj
                0x20000d08                _hw_endpoint_buffer_control_update32
 .time_critical.hw_endpoint_start_next_buffer
                0x20000d4c       0x64 CMakeFiles/Aetherion-v1.0.dir/C_/Users/denni/.pico-sdk/sdk/2.1.0/lib/tinyusb/src/portable/raspberrypi/rp2040/rp2040_usb.c.obj
                0x20000d4c                hw_endpoint_start_next_buffer
 .time_critical.hw_endpoint_xfer_continue
                0x20000db0       0x3c CMakeFiles/Aetherion-v1.0.dir/C_/Users/denni/.pico-sdk/sdk/2.1.0/lib/tinyusb/src/portable/raspberrypi/rp2040/rp2040_usb.c.obj
                0x20000db0                hw_endpoint_xfer_continue
 .time_critical.tinyusb
                0x20000dec      0x218 CMakeFiles/Aetherion-v1.0.dir/C_/Users/denni/.pico-sdk/sdk/2.1.0/lib/tinyusb/src/device/usbd.c.obj
                0x20000dec                dcd_event_handler
 .time_critical.flash_init_boot2_copyout
                0x20001004       0x34 CMakeFiles/Aetherion-v1.0.dir/C_/Users/denni/.pico-sdk/sdk/2.1.0/src/rp2_common/hardware_flash/flash.c.obj
 .time_critical.flash_enable_xip_via_boot2
                0x20001038        0x8 CMakeFiles/Aetherion-v1.0.dir/C_/Users/denni/.pico-sdk/sdk/2.1.0/src/rp2_common/hardware_flash/flash.c.obj
 .time_critical.flash_rp2350_save_qmi_cs1
                0x20001040       0x14 CMakeFiles/Aetherion-v1.0.dir/C_/Users/denni/.pico-sdk/sdk/2.1.0/src/rp2_common/hardware_flash/flash.c.obj
 .time_critical.flash_devinfo_get_cs_size
                0x20001054       0x1c CMakeFiles/Aetherion-v1.0.dir/C_/Users/denni/.pico-sdk/sdk/2.1.0/src/rp2_common/hardware_flash/flash.c.obj
                0x20001054                flash_devinfo_get_cs_size
 .time_critical.flash_rp2350_restore_qmi_cs1
                0x20001070       0x30 CMakeFiles/Aetherion-v1.0.dir/C_/Users/denni/.pico-sdk/sdk/2.1.0/src/rp2_common/hardware_flash/flash.c.obj
 .time_critical.flash_range_erase
                0x200010a0       0xb0 CMakeFiles/Aetherion-v1.0.dir/C_/Users/denni/.pico-sdk/sdk/2.1.0/src/rp2_common/hardware_flash/flash.c.obj
                0x200010a0                flash_range_erase
 .time_critical.flash_range_program
                0x20001150       0xb0 CMakeFiles/Aetherion-v1.0.dir/C_/Users/denni/.pico-sdk/sdk/2.1.0/src/rp2_common/hardware_flash/flash.c.obj
                0x20001150                flash_range_program
 .time_critical.xip_cache_maintain
                0x20001200       0x20 CMakeFiles/Aetherion-v1.0.dir/C_/Users/denni/.pico-sdk/sdk/2.1.0/src/rp2_common/hardware_xip_cache/xip_cache.c.obj
 .time_critical.xip_cache_clean_all
                0x20001220       0x10 CMakeFiles/Aetherion-v1.0.dir/C_/Users/denni/.pico-sdk/sdk/2.1.0/src/rp2_common/hardware_xip_cache/xip_cache.c.obj
                0x20001220                xip_cache_clean_all
 *(.text*)
 .text          0x20001230       0x30 C:/Users/denni/.pico-sdk/toolchain/13_3_Rel1/bin/../lib/gcc/arm-none-eabi/13.3.1/thumb/v8-m.main+fp/softfp\libgcc.a(_aeabi_uldivmod.o)
                0x20001230                __aeabi_uldivmod
 .text.__udivmoddi4
                0x20001260      0x300 C:/Users/denni/.pico-sdk/toolchain/13_3_Rel1/bin/../lib/gcc/arm-none-eabi/13.3.1/thumb/v8-m.main+fp/softfp\libgcc.a(_udivmoddi4.o)
                0x20001260                __udivmoddi4
 .text          0x20001560        0x4 C:/Users/denni/.pico-sdk/toolchain/13_3_Rel1/bin/../lib/gcc/arm-none-eabi/13.3.1/thumb/v8-m.main+fp/softfp\libgcc.a(_dvmd_tls.o)
                0x20001560                __aeabi_idiv0
                0x20001560                __aeabi_ldiv0
 *fill*         0x20001564        0x4 
 .text.__stub   0x20001568       0x60 linker stubs
                0x200015c8                        . = ALIGN (0x4)
 *(.rodata*)
                0x200015c8                        . = ALIGN (0x4)
 *(.data*)
 .data.vendor_id
                0x200015c8        0x2 CMakeFiles/Aetherion-v1.0.dir/src/ostrich.c.obj
 *fill*         0x200015ca        0x2 
 .data.version_n
                0x200015cc        0x3 CMakeFiles/Aetherion-v1.0.dir/src/ostrich.c.obj
 *fill*         0x200015cf        0x1 
 .data.serial_id
                0x200015d0        0xa CMakeFiles/Aetherion-v1.0.dir/src/ostrich.c.obj
 .data.striped_spin_lock_num
                0x200015da        0x1 CMakeFiles/Aetherion-v1.0.dir/C_/Users/denni/.pico-sdk/sdk/2.1.0/src/rp2_common/hardware_sync/sync.c.obj
 *fill*         0x200015db        0x1 
 .data          0x200015dc       0x48 CMakeFiles/Aetherion-v1.0.dir/C_/Users/denni/.pico-sdk/sdk/2.1.0/src/rp2_common/hardware_irq/irq_handler_chain.S.obj
                0x200015dc                irq_handler_chain_slots
                0x2000160c                irq_handler_chain_first_slot
                0x20001616                irq_handler_chain_remove_tail
 .data.default_alarm_pool
                0x20001624       0x18 CMakeFiles/Aetherion-v1.0.dir/C_/Users/denni/.pico-sdk/sdk/2.1.0/src/common/pico_time/time.c.obj
 .data._usbd_qdef
                0x2000163c       0x1c CMakeFiles/Aetherion-v1.0.dir/C_/Users/denni/.pico-sdk/sdk/2.1.0/lib/tinyusb/src/device/usbd.c.obj
                0x2000163c                _usbd_qdef
 .data._usbd_rhport
                0x20001658        0x1 CMakeFiles/Aetherion-v1.0.dir/C_/Users/denni/.pico-sdk/sdk/2.1.0/lib/tinyusb/src/device/usbd.c.obj
 *fill*         0x20001659        0x3 
 .data.__malloc_sbrk_base
                0x2000165c        0x4 C:/Users/denni/.pico-sdk/toolchain/13_3_Rel1/bin/../lib/gcc/arm-none-eabi/13.3.1/thumb/v8-m.main+fp/softfp\libg.a(libc_a-mallocr.o)
                0x2000165c                __malloc_sbrk_base
 .data.__malloc_trim_threshold
                0x20001660        0x4 C:/Users/denni/.pico-sdk/toolchain/13_3_Rel1/bin/../lib/gcc/arm-none-eabi/13.3.1/thumb/v8-m.main+fp/softfp\libg.a(libc_a-mallocr.o)
                0x20001660                __malloc_trim_threshold
 *fill*         0x20001664        0x4 
 .data.__malloc_av_
                0x20001668      0x408 C:/Users/denni/.pico-sdk/toolchain/13_3_Rel1/bin/../lib/gcc/arm-none-eabi/13.3.1/thumb/v8-m.main+fp/softfp\libg.a(libc_a-mallocr.o)
                0x20001668                __malloc_av_
 .data._impure_ptr
                0x20001a70        0x4 C:/Users/denni/.pico-sdk/toolchain/13_3_Rel1/bin/../lib/gcc/arm-none-eabi/13.3.1/thumb/v8-m.main+fp/softfp\libg.a(libc_a-impure.o)
                0x20001a70                _impure_ptr
 *fill*         0x20001a74        0x4 
 .data._impure_data
                0x20001a78      0x140 C:/Users/denni/.pico-sdk/toolchain/13_3_Rel1/bin/../lib/gcc/arm-none-eabi/13.3.1/thumb/v8-m.main+fp/softfp\libg.a(libc_a-impure.o)
                0x20001a78                _impure_data
 *(.sdata*)
                0x20001bb8                        . = ALIGN (0x4)
 *(.after_data.*)
                0x20001bb8                        . = ALIGN (0x4)
                0x20001bb8                        PROVIDE (__mutex_array_start = .)
 *(SORT_BY_NAME(.mutex_array.*))
 *(.mutex_array)
 .mutex_array   0x20001bb8        0x8 CMakeFiles/Aetherion-v1.0.dir/C_/Users/denni/.pico-sdk/sdk/2.1.0/src/rp2_common/pico_malloc/malloc.c.obj
 .mutex_array   0x20001bc0        0x8 CMakeFiles/Aetherion-v1.0.dir/C_/Users/denni/.pico-sdk/sdk/2.1.0/src/rp2_common/pico_stdio/stdio.c.obj
                0x20001bc8                        PROVIDE (__mutex_array_end = .)
 *(.jcr)
                0x20001bc8                        . = ALIGN (0x4)

.tm_clone_table
                0x20001bc8        0x0 load address 0x10009df4
 .tm_clone_table
                0x20001bc8        0x0 C:/Users/denni/.pico-sdk/toolchain/13_3_Rel1/bin/../lib/gcc/arm-none-eabi/13.3.1/thumb/v8-m.main+fp/softfp/crtbegin.o
 .tm_clone_table
                0x20001bc8        0x0 C:/Users/denni/.pico-sdk/toolchain/13_3_Rel1/bin/../lib/gcc/arm-none-eabi/13.3.1/thumb/v8-m.main+fp/softfp/crtend.o

.igot.plt       0x20001bc8        0x0 load address 0x10009df4
 .igot.plt      0x20001bc8        0x0 C:/Users/denni/.pico-sdk/toolchain/13_3_Rel1/bin/../lib/gcc/arm-none-eabi/13.3.1/thumb/v8-m.main+fp/softfp/crtbegin.o

.tdata          0x20001bc8        0x0 load address 0x10009df4
                0x20001bc8                        . = ALIGN (0x4)
 *(.tdata .tdata.* .gnu.linkonce.td.*)
                0x20001bc8                        __tdata_end = .
                0x20001bc8                        PROVIDE (__data_end__ = .)
                0x1000833c                        __etext = LOADADDR (.data)

.tbss           0x20001bc8        0x0 load address 0x10009df4
                0x20001bc8                        . = ALIGN (0x4)
                0x20001bc8                        __bss_start__ = .
                0x20001bc8                        __tls_base = .
 *(.tbss .tbss.* .gnu.linkonce.tb.*)
 *(.tcommon)
                0x20001bc8                        __tls_end = .

.bss            0x20001bc8    0x40e10 load address 0x10009df4
                0x20001bc8                        . = ALIGN (0x4)
                0x20001bc8                        __tbss_end = .
 *(SORT_BY_ALIGNMENT(SORT_BY_NAME(.bss*)))
 .bss._cdcd_itf
                0x20001bc8    0x40320 CMakeFiles/Aetherion-v1.0.dir/C_/Users/denni/.pico-sdk/sdk/2.1.0/lib/tinyusb/src/class/cdc/cdc_device.c.obj
 .bss.default_alarm_pool_entries
                0x20041ee8      0x180 CMakeFiles/Aetherion-v1.0.dir/C_/Users/denni/.pico-sdk/sdk/2.1.0/src/common/pico_time/time.c.obj
 .bss.__lock___malloc_recursive_mutex
                0x20042068        0x1 C:/Users/denni/.pico-sdk/toolchain/13_3_Rel1/bin/../lib/gcc/arm-none-eabi/13.3.1/thumb/v8-m.main+fp/softfp\libg.a(libc_a-lock.o)
                0x20042068                __lock___malloc_recursive_mutex
 *fill*         0x20042069        0x3 
 .bss.__malloc_current_mallinfo
                0x2004206c       0x28 C:/Users/denni/.pico-sdk/toolchain/13_3_Rel1/bin/../lib/gcc/arm-none-eabi/13.3.1/thumb/v8-m.main+fp/softfp\libg.a(libc_a-mallocr.o)
                0x2004206c                __malloc_current_mallinfo
 .bss.__malloc_max_sbrked_mem
                0x20042094        0x4 C:/Users/denni/.pico-sdk/toolchain/13_3_Rel1/bin/../lib/gcc/arm-none-eabi/13.3.1/thumb/v8-m.main+fp/softfp\libg.a(libc_a-mallocr.o)
                0x20042094                __malloc_max_sbrked_mem
 .bss.__malloc_max_total_mem
                0x20042098        0x4 C:/Users/denni/.pico-sdk/toolchain/13_3_Rel1/bin/../lib/gcc/arm-none-eabi/13.3.1/thumb/v8-m.main+fp/softfp\libg.a(libc_a-mallocr.o)
                0x20042098                __malloc_max_total_mem
 .bss.__malloc_top_pad
                0x2004209c        0x4 C:/Users/denni/.pico-sdk/toolchain/13_3_Rel1/bin/../lib/gcc/arm-none-eabi/13.3.1/thumb/v8-m.main+fp/softfp\libg.a(libc_a-mallocr.o)
                0x2004209c                __malloc_top_pad
 .bss.__sf      0x200420a0      0x138 C:/Users/denni/.pico-sdk/toolchain/13_3_Rel1/bin/../lib/gcc/arm-none-eabi/13.3.1/thumb/v8-m.main+fp/softfp\libg.a(libc_a-findfp.o)
                0x200420a0                __sf
 .bss._app_driver
                0x200421d8        0x4 CMakeFiles/Aetherion-v1.0.dir/C_/Users/denni/.pico-sdk/sdk/2.1.0/lib/tinyusb/src/device/usbd.c.obj
 .bss._cdcd_fifo_cfg
                0x200421dc        0x1 CMakeFiles/Aetherion-v1.0.dir/C_/Users/denni/.pico-sdk/sdk/2.1.0/lib/tinyusb/src/class/cdc/cdc_device.c.obj
 *fill*         0x200421dd        0x3 
 .bss._ctrl_xfer
                0x200421e0       0x14 CMakeFiles/Aetherion-v1.0.dir/C_/Users/denni/.pico-sdk/sdk/2.1.0/lib/tinyusb/src/device/usbd_control.c.obj
 .bss._sw_spin_locks
                0x200421f4       0x20 CMakeFiles/Aetherion-v1.0.dir/C_/Users/denni/.pico-sdk/sdk/2.1.0/src/rp2_common/hardware_sync_spin_lock/sync_spin_lock.c.obj
                0x200421f4                _sw_spin_locks
 .bss._ubsd_mutexdef
                0x20042214        0x8 CMakeFiles/Aetherion-v1.0.dir/C_/Users/denni/.pico-sdk/sdk/2.1.0/lib/tinyusb/src/device/usbd.c.obj
 .bss._usbd_ctrl_buf
                0x2004221c       0x40 CMakeFiles/Aetherion-v1.0.dir/C_/Users/denni/.pico-sdk/sdk/2.1.0/lib/tinyusb/src/device/usbd_control.c.obj
 .bss._usbd_dev
                0x2004225c       0x54 CMakeFiles/Aetherion-v1.0.dir/C_/Users/denni/.pico-sdk/sdk/2.1.0/lib/tinyusb/src/device/usbd.c.obj
 .bss._usbd_mutex
                0x200422b0        0x4 CMakeFiles/Aetherion-v1.0.dir/C_/Users/denni/.pico-sdk/sdk/2.1.0/lib/tinyusb/src/device/usbd.c.obj
 .bss._usbd_q   0x200422b4        0x4 CMakeFiles/Aetherion-v1.0.dir/C_/Users/denni/.pico-sdk/sdk/2.1.0/lib/tinyusb/src/device/usbd.c.obj
 .bss._usbd_qdef_buf
                0x200422b8       0xc0 CMakeFiles/Aetherion-v1.0.dir/C_/Users/denni/.pico-sdk/sdk/2.1.0/lib/tinyusb/src/device/usbd.c.obj
                0x200422b8                _usbd_qdef_buf
 .bss._used_instruction_space
                0x20042378        0xc CMakeFiles/Aetherion-v1.0.dir/C_/Users/denni/.pico-sdk/sdk/2.1.0/src/rp2_common/hardware_pio/pio.c.obj
 .bss.bank_data
                0x20042384        0x4 CMakeFiles/Aetherion-v1.0.dir/main.c.obj
                0x20042384                bank_data
 .bss.bank_number
                0x20042388        0xc CMakeFiles/Aetherion-v1.0.dir/src/mutexes.c.obj
                0x20042388                bank_number
 .bss.bank_one  0x20042394        0x4 CMakeFiles/Aetherion-v1.0.dir/main.c.obj
                0x20042394                bank_one
 .bss.bank_zero
                0x20042398        0x4 CMakeFiles/Aetherion-v1.0.dir/main.c.obj
                0x20042398                bank_zero
 .bss.boot2_copyout
                0x2004239c      0x100 CMakeFiles/Aetherion-v1.0.dir/C_/Users/denni/.pico-sdk/sdk/2.1.0/src/rp2_common/hardware_flash/flash.c.obj
 .bss.claimed   0x2004249c        0x4 CMakeFiles/Aetherion-v1.0.dir/C_/Users/denni/.pico-sdk/sdk/2.1.0/src/rp2_common/hardware_sync/sync.c.obj
 .bss.claimed   0x200424a0        0x2 CMakeFiles/Aetherion-v1.0.dir/C_/Users/denni/.pico-sdk/sdk/2.1.0/src/rp2_common/hardware_timer/timer.c.obj
 *fill*         0x200424a2        0x2 
 .bss.configured_freq
                0x200424a4       0x28 CMakeFiles/Aetherion-v1.0.dir/C_/Users/denni/.pico-sdk/sdk/2.1.0/src/rp2_common/hardware_clocks/clocks.c.obj
 .bss.desc_str.0
                0x200424cc       0x36 CMakeFiles/Aetherion-v1.0.dir/src/descriptors.c.obj
 *fill*         0x20042502        0x2 
 .bss.drivers   0x20042504        0x4 CMakeFiles/Aetherion-v1.0.dir/C_/Users/denni/.pico-sdk/sdk/2.1.0/src/rp2_common/pico_stdio/stdio.c.obj
 .bss.e15_last_sof
                0x20042508        0x4 CMakeFiles/Aetherion-v1.0.dir/C_/Users/denni/.pico-sdk/sdk/2.1.0/lib/tinyusb/src/portable/raspberrypi/rp2040/rp2040_usb.c.obj
                0x20042508                e15_last_sof
 .bss.errno     0x2004250c        0x4 C:/Users/denni/.pico-sdk/toolchain/13_3_Rel1/bin/../lib/gcc/arm-none-eabi/13.3.1/thumb/v8-m.main+fp/softfp\libg.a(libc_a-reent.o)
                0x2004250c                errno
 .bss.filter    0x20042510        0x4 CMakeFiles/Aetherion-v1.0.dir/C_/Users/denni/.pico-sdk/sdk/2.1.0/src/rp2_common/pico_stdio/stdio.c.obj
 .bss.flash_temp
                0x20042514        0x4 CMakeFiles/Aetherion-v1.0.dir/src/mutexes.c.obj
                0x20042514                flash_temp
 .bss.heap_end.0
                0x20042518        0x4 CMakeFiles/Aetherion-v1.0.dir/C_/Users/denni/.pico-sdk/sdk/2.1.0/src/rp2_common/pico_clib_interface/newlib_interface.c.obj
 .bss.hw_endpoints
                0x2004251c      0x400 CMakeFiles/Aetherion-v1.0.dir/C_/Users/denni/.pico-sdk/sdk/2.1.0/lib/tinyusb/src/portable/raspberrypi/rp2040/dcd_rp2040.c.obj
 .bss.injection_data
                0x2004291c        0x4 CMakeFiles/Aetherion-v1.0.dir/src/injection.c.obj
 .bss.lazy_vsnprintf
                0x20042920        0x4 CMakeFiles/Aetherion-v1.0.dir/C_/Users/denni/.pico-sdk/sdk/2.1.0/src/rp2_common/pico_printf/printf.c.obj
 .bss.lockout_mutex
                0x20042924        0x8 CMakeFiles/Aetherion-v1.0.dir/C_/Users/denni/.pico-sdk/sdk/2.1.0/src/rp2_common/pico_multicore/multicore.c.obj
 .bss.lockout_victim_initialized
                0x2004292c        0x2 CMakeFiles/Aetherion-v1.0.dir/C_/Users/denni/.pico-sdk/sdk/2.1.0/src/rp2_common/pico_multicore/multicore.c.obj
 *fill*         0x2004292e        0x2 
 .bss.micro_ostrich_temp
                0x20042930        0x4 CMakeFiles/Aetherion-v1.0.dir/src/mutexes.c.obj
                0x20042930                micro_ostrich_temp
 .bss.mutex_holder
                0x20042934        0x4 CMakeFiles/Aetherion-v1.0.dir/src/developer_reset.c.obj
                0x20042934                mutex_holder
 .bss.next_buffer_ptr
                0x20042938        0x4 CMakeFiles/Aetherion-v1.0.dir/C_/Users/denni/.pico-sdk/sdk/2.1.0/lib/tinyusb/src/portable/raspberrypi/rp2040/dcd_rp2040.c.obj
 .bss.object.0  0x2004293c       0x18 C:/Users/denni/.pico-sdk/toolchain/13_3_Rel1/bin/../lib/gcc/arm-none-eabi/13.3.1/thumb/v8-m.main+fp/softfp/crtbegin.o
 .bss.ostrich_temp
                0x20042954        0x4 CMakeFiles/Aetherion-v1.0.dir/src/mutexes.c.obj
                0x20042954                ostrich_temp
 .bss.ostrich_usb
                0x20042958        0xc CMakeFiles/Aetherion-v1.0.dir/src/mutexes.c.obj
                0x20042958                ostrich_usb
 .bss.persist_data
                0x20042964        0x3 CMakeFiles/Aetherion-v1.0.dir/src/mutexes.c.obj
                0x20042964                persist_data
 *fill*         0x20042967        0x1 
 .bss.pio       0x20042968        0x4 CMakeFiles/Aetherion-v1.0.dir/src/injection.c.obj
 .bss.pools     0x2004296c       0x20 CMakeFiles/Aetherion-v1.0.dir/C_/Users/denni/.pico-sdk/sdk/2.1.0/src/common/pico_time/time.c.obj
 .bss.retrieved_id
                0x2004298c        0x8 CMakeFiles/Aetherion-v1.0.dir/C_/Users/denni/.pico-sdk/sdk/2.1.0/src/rp2_common/pico_unique_id/unique_id.c.obj
 .bss.sleep_notifier
                0x20042994        0x4 CMakeFiles/Aetherion-v1.0.dir/C_/Users/denni/.pico-sdk/sdk/2.1.0/src/common/pico_time/time.c.obj
 .bss.tune_data